
> tzmmultiservice.com.br@0.1.0 build
> next build

Ôû▓ Next.js 16.2.4 (Turbopack)
- Environments: .env.local

  Creating an optimized production build ...
node.exe : 
No linha:1 caractere:1
+ & "C:\Program Files\nodejs/node.exe" "C:\Program Files\nodejs/node_mo ...
+ ~~~~~~~~~~~~~~~~~~~~~~~~~~~~~~~~~~~~~~~~~~~~~~~~~~~~~~~~~~~~~~~~~~~~~
    + CategoryInfo          : NotSpecified: (:String) [], RemoteException
    + FullyQualifiedErrorId : NativeCommandError
 
> Build error occurred
Error: Turbopack build failed with 24 errors:
./src/app/(public)/agendar/page.tsx:329:1
The "use client" directive must be placed before other expressions. Move it to 
the top of the file to resolve this issue.
  [90m327 |[0m   );
  [90m328 |[0m }
[31m[1m>[0m [90m329 |[0m [32m"use client"[0m;
  [90m    |[0m [31m[1m^^^^^^^^^^^^^[0m
  [90m330 |[0m
  [90m331 |[0m [36mimport[0m { useState, useEffect } [36mfrom[0m 
[32m"react"[0m;
  [90m332 |[0m [36mimport[0m [33mLink[0m [36mfrom[0m 
[32m"next/link"[0m;

Ecmascript file had an error

Import traces:
  Client Component Browser:
    ./src/app/(public)/agendar/page.tsx [Client Component Browser]
    ./src/app/(public)/agendar/page.tsx [Server Component]

  Client Component SSR:
    ./src/app/(public)/agendar/page.tsx [Client Component SSR]
    ./src/app/(public)/agendar/page.tsx [Server Component]


./src/app/(public)/pecas/page.tsx:98:1
The "use client" directive must be placed before other expressions. Move it to 
the top of the file to resolve this issue.
  [90m 96 |[0m   );
  [90m 97 |[0m }
[31m[1m>[0m [90m 98 |[0m [32m"use client"[0m;
  [90m    |[0m [31m[1m^^^^^^^^^^^^^[0m
  [90m 99 |[0m
  [90m100 |[0m [36mimport[0m { useState } [36mfrom[0m [32m"react"[0m;
  [90m101 |[0m [36mimport[0m { createPieceInterest } [36mfrom[0m 
[32m"@/lib/api"[0m;

Ecmascript file had an error

Import traces:
  Client Component Browser:
    ./src/app/(public)/pecas/page.tsx [Client Component Browser]
    ./src/app/(public)/pecas/page.tsx [Server Component]

  Client Component SSR:
    ./src/app/(public)/pecas/page.tsx [Client Component SSR]
    ./src/app/(public)/pecas/page.tsx [Server Component]


./src/app/(public)/agendar/page.tsx:352:25
the name `AgendarPage` is defined multiple times
  [90m350 |[0m }
  [90m351 |[0m
[31m[1m>[0m [90m352 |[0m [36mexport[0m [36mdefault[0m 
[36mfunction[0m [33mAgendarPage[0m() {
  [90m    |[0m                         [31m[1m^^^^^^^^^^^[0m
  [90m353 |[0m   [36mconst[0m [step, setStep] = useState([35m0[0m);
  [90m354 |[0m   [36mconst[0m [submitted, setSubmitted] = 
useState([36mfalse[0m);
  [90m355 |[0m   [36mconst[0m [submitting, setSubmitting] = 
useState([36mfalse[0m);

Ecmascript file had an error

Import traces:
  Client Component Browser:
    ./src/app/(public)/agendar/page.tsx [Client Component Browser]
    ./src/app/(public)/agendar/page.tsx [Server Component]

  Client Component SSR:
    ./src/app/(public)/agendar/page.tsx [Client Component SSR]
    ./src/app/(public)/agendar/page.tsx [Server Component]


./src/app/(public)/agendar/page.tsx:335:3
the name `CAR_BRANDS` is defined multiple times
  [90m333 |[0m [36mimport[0m {
  [90m334 |[0m   [33mPLACEHOLDER_SERVICES[0m,
[31m[1m>[0m [90m335 |[0m   [33mCAR_BRANDS[0m,
  [90m    |[0m   [31m[1m^^^^^^^^^^[0m
  [90m336 |[0m   [33mTIME_SLOTS_WEEKDAY[0m,
  [90m337 |[0m   [33mTIME_SLOTS_SATURDAY[0m,
  [90m338 |[0m   [33mCOMPANY[0m,

Ecmascript file had an error

Import traces:
  Client Component Browser:
    ./src/app/(public)/agendar/page.tsx [Client Component Browser]
    ./src/app/(public)/agendar/page.tsx [Server Component]

  Client Component SSR:
    ./src/app/(public)/agendar/page.tsx [Client Component SSR]
    ./src/app/(public)/agendar/page.tsx [Server Component]


./src/app/(public)/agendar/page.tsx:338:3
the name `COMPANY` is defined multiple times
  [90m336 |[0m   [33mTIME_SLOTS_WEEKDAY[0m,
  [90m337 |[0m   [33mTIME_SLOTS_SATURDAY[0m,
[31m[1m>[0m [90m338 |[0m   [33mCOMPANY[0m,
  [90m    |[0m   [31m[1m^^^^^^^[0m
  [90m339 |[0m } [36mfrom[0m [32m"@/lib/constants"[0m;
  [90m340 |[0m [36mimport[0m { formatCurrency, isSaturday, isSunday } 
[36mfrom[0m [32m"@/lib/utils"[0m;
  [90m341 |[0m [36mimport[0m { fetchServices, createAppointment, 
fetchBookedSlots } [36mfrom[0m [32m"@/lib/api"[0m;

Ecmascript file had an error

Import traces:
  Client Component Browser:
    ./src/app/(public)/agendar/page.tsx [Client Component Browser]
    ./src/app/(public)/agendar/page.tsx [Server Component]

  Client Component SSR:
    ./src/app/(public)/agendar/page.tsx [Client Component SSR]
    ./src/app/(public)/agendar/page.tsx [Server Component]


./src/app/(public)/agendar/page.tsx:332:8
the name `Link` is defined multiple times
  [90m330 |[0m
  [90m331 |[0m [36mimport[0m { useState, useEffect } [36mfrom[0m 
[32m"react"[0m;
[31m[1m>[0m [90m332 |[0m [36mimport[0m [33mLink[0m [36mfrom[0m 
[32m"next/link"[0m;
  [90m    |[0m        [31m[1m^^^^[0m
  [90m333 |[0m [36mimport[0m {
  [90m334 |[0m   [33mPLACEHOLDER_SERVICES[0m,
  [90m335 |[0m   [33mCAR_BRANDS[0m,

Ecmascript file had an error

Import traces:
  Client Component Browser:
    ./src/app/(public)/agendar/page.tsx [Client Component Browser]
    ./src/app/(public)/agendar/page.tsx [Server Component]

  Client Component SSR:
    ./src/app/(public)/agendar/page.tsx [Client Component SSR]
    ./src/app/(public)/agendar/page.tsx [Server Component]


./src/app/(public)/agendar/page.tsx:334:3
the name `PLACEHOLDER_SERVICES` is defined multiple times
  [90m332 |[0m [36mimport[0m [33mLink[0m [36mfrom[0m 
[32m"next/link"[0m;
  [90m333 |[0m [36mimport[0m {
[31m[1m>[0m [90m334 |[0m   [33mPLACEHOLDER_SERVICES[0m,
  [90m    |[0m   [31m[1m^^^^^^^^^^^^^^^^^^^^[0m
  [90m335 |[0m   [33mCAR_BRANDS[0m,
  [90m336 |[0m   [33mTIME_SLOTS_WEEKDAY[0m,
  [90m337 |[0m   [33mTIME_SLOTS_SATURDAY[0m,

Ecmascript file had an error

Import traces:
  Client Component Browser:
    ./src/app/(public)/agendar/page.tsx [Client Component Browser]
    ./src/app/(public)/agendar/page.tsx [Server Component]

  Client Component SSR:
    ./src/app/(public)/agendar/page.tsx [Client Component SSR]
    ./src/app/(public)/agendar/page.tsx [Server Component]


./src/app/(public)/pecas/page.tsx:103:25
the name `PecasPage` is defined multiple times
  [90m101 |[0m [36mimport[0m { createPieceInterest } [36mfrom[0m 
[32m"@/lib/api"[0m;
  [90m102 |[0m
[31m[1m>[0m [90m103 |[0m [36mexport[0m [36mdefault[0m 
[36mfunction[0m [33mPecasPage[0m() {
  [90m    |[0m                         [31m[1m^^^^^^^^^[0m
  [90m104 |[0m   [36mconst[0m [email, setEmail] = useState([32m""[0m);
  [90m105 |[0m   [36mconst[0m [submitted, setSubmitted] = 
useState([36mfalse[0m);
  [90m106 |[0m

Ecmascript file had an error

Import traces:
  Client Component Browser:
    ./src/app/(public)/pecas/page.tsx [Client Component Browser]
    ./src/app/(public)/pecas/page.tsx [Server Component]

  Client Component SSR:
    ./src/app/(public)/pecas/page.tsx [Client Component SSR]
    ./src/app/(public)/pecas/page.tsx [Server Component]


./src/app/(public)/agendar/page.tsx:344:7
the name `STEPS` is defined multiple times
  [90m342 |[0m [36mimport[0m [36mtype[0m { [33mBookingFormData[0m, 
[33mService[0m } [36mfrom[0m [32m"@/lib/types"[0m;
  [90m343 |[0m
[31m[1m>[0m [90m344 |[0m [36mconst[0m [33mSTEPS[0m = [[32m"Seus 
Dados"[0m, [32m"Seu Ve├¡culo"[0m, [32m"Servi├ºo"[0m, [32m"Data e 
Hor├írio"[0m, [32m"Confirma├º├úo"[0m];
  [90m    |[0m       [31m[1m^^^^^[0m
  [90m345 |[0m
  [90m346 |[0m [36mfunction[0m getMinDate(): string {
  [90m347 |[0m   [36mconst[0m d = [36mnew[0m [33mDate[0m();

Ecmascript file had an error

Import traces:
  Client Component Browser:
    ./src/app/(public)/agendar/page.tsx [Client Component Browser]
    ./src/app/(public)/agendar/page.tsx [Server Component]

  Client Component SSR:
    ./src/app/(public)/agendar/page.tsx [Client Component SSR]
    ./src/app/(public)/agendar/page.tsx [Server Component]


./src/app/(public)/agendar/page.tsx:337:3
the name `TIME_SLOTS_SATURDAY` is defined multiple times
  [90m335 |[0m   [33mCAR_BRANDS[0m,
  [90m336 |[0m   [33mTIME_SLOTS_WEEKDAY[0m,
[31m[1m>[0m [90m337 |[0m   [33mTIME_SLOTS_SATURDAY[0m,
  [90m    |[0m   [31m[1m^^^^^^^^^^^^^^^^^^^[0m
  [90m338 |[0m   [33mCOMPANY[0m,
  [90m339 |[0m } [36mfrom[0m [32m"@/lib/constants"[0m;
  [90m340 |[0m [36mimport[0m { formatCurrency, isSaturday, isSunday } 
[36mfrom[0m [32m"@/lib/utils"[0m;

Ecmascript file had an error

Import traces:
  Client Component Browser:
    ./src/app/(public)/agendar/page.tsx [Client Component Browser]
    ./src/app/(public)/agendar/page.tsx [Server Component]

  Client Component SSR:
    ./src/app/(public)/agendar/page.tsx [Client Component SSR]
    ./src/app/(public)/agendar/page.tsx [Server Component]


./src/app/(public)/agendar/page.tsx:336:3
the name `TIME_SLOTS_WEEKDAY` is defined multiple times
  [90m334 |[0m   [33mPLACEHOLDER_SERVICES[0m,
  [90m335 |[0m   [33mCAR_BRANDS[0m,
[31m[1m>[0m [90m336 |[0m   [33mTIME_SLOTS_WEEKDAY[0m,
  [90m    |[0m   [31m[1m^^^^^^^^^^^^^^^^^^[0m
  [90m337 |[0m   [33mTIME_SLOTS_SATURDAY[0m,
  [90m338 |[0m   [33mCOMPANY[0m,
  [90m339 |[0m } [36mfrom[0m [32m"@/lib/constants"[0m;

Ecmascript file had an error

Import traces:
  Client Component Browser:
    ./src/app/(public)/agendar/page.tsx [Client Component Browser]
    ./src/app/(public)/agendar/page.tsx [Server Component]

  Client Component SSR:
    ./src/app/(public)/agendar/page.tsx [Client Component SSR]
    ./src/app/(public)/agendar/page.tsx [Server Component]


./src/app/(public)/agendar/page.tsx:341:25
the name `createAppointment` is defined multiple times
  [90m339 |[0m } [36mfrom[0m [32m"@/lib/constants"[0m;
  [90m340 |[0m [36mimport[0m { formatCurrency, isSaturday, isSunday } 
[36mfrom[0m [32m"@/lib/utils"[0m;
[31m[1m>[0m [90m341 |[0m [36mimport[0m { fetchServices, 
createAppointment, fetchBookedSlots } [36mfrom[0m [32m"@/lib/api"[0m;
  [90m    |[0m                         [31m[1m^^^^^^^^^^^^^^^^^[0m
  [90m342 |[0m [36mimport[0m [36mtype[0m { [33mBookingFormData[0m, 
[33mService[0m } [36mfrom[0m [32m"@/lib/types"[0m;
  [90m343 |[0m
  [90m344 |[0m [36mconst[0m [33mSTEPS[0m = [[32m"Seus Dados"[0m, 
[32m"Seu Ve├¡culo"[0m, [32m"Servi├ºo"[0m, [32m"Data e Hor├írio"[0m, 
[32m"Confirma├º├úo"[0m];

Ecmascript file had an error

Import traces:
  Client Component Browser:
    ./src/app/(public)/agendar/page.tsx [Client Component Browser]
    ./src/app/(public)/agendar/page.tsx [Server Component]

  Client Component SSR:
    ./src/app/(public)/agendar/page.tsx [Client Component SSR]
    ./src/app/(public)/agendar/page.tsx [Server Component]


./src/app/(public)/pecas/page.tsx:101:10
the name `createPieceInterest` is defined multiple times
  [90m 99 |[0m
  [90m100 |[0m [36mimport[0m { useState } [36mfrom[0m [32m"react"[0m;
[31m[1m>[0m [90m101 |[0m [36mimport[0m { createPieceInterest } 
[36mfrom[0m [32m"@/lib/api"[0m;
  [90m    |[0m          [31m[1m^^^^^^^^^^^^^^^^^^^[0m
  [90m102 |[0m
  [90m103 |[0m [36mexport[0m [36mdefault[0m [36mfunction[0m 
[33mPecasPage[0m() {
  [90m104 |[0m   [36mconst[0m [email, setEmail] = useState([32m""[0m);

Ecmascript file had an error

Import traces:
  Client Component Browser:
    ./src/app/(public)/pecas/page.tsx [Client Component Browser]
    ./src/app/(public)/pecas/page.tsx [Server Component]

  Client Component SSR:
    ./src/app/(public)/pecas/page.tsx [Client Component SSR]
    ./src/app/(public)/pecas/page.tsx [Server Component]


./src/app/(public)/agendar/page.tsx:352:1
the name `default` is exported multiple times
  [90m350 |[0m }
  [90m351 |[0m
[31m[1m>[0m [90m352 |[0m [36mexport[0m [36mdefault[0m 
[36mfunction[0m [33mAgendarPage[0m() {
  [90m    |[0m [31m[1m^^^^^^^^^^^^^^^^^^^^^^^^^^^^^^^^^^^^^^[0m
[31m[1m>[0m [90m353 |[0m   [36mconst[0m [step, setStep] = 
useState([35m0[0m);
  [90m    |[0m [31m[1m^^^^^^^^^^^^^^^^^^^^^^^^^^^^^^^^^^^^^^[0m
[31m[1m>[0m [90m354 |[0m   [36mconst[0m [submitted, setSubmitted] = 
useState([36mfalse[0m);
  [90m    |[0m 
[31m[1m^^^^^^^^^^^^^^^^^^^^^^^^^^^^^^^^^^^^^^^^^^^^^^^^^^^^[0m
[31m[1m>[0m [90m355 |[0m   [36mconst[0m [submitting, setSubmitting] = 
useState([36mfalse[0m);
  [90m    |[0m 
[31m[1m^^^^^^^^^^^^^^^^^^^^^^^^^^^^^^^^^^^^^^^^^^^^^^^^^^^^^^[0m
[31m[1m>[0m [90m356 |[0m   [36mconst[0m [error, setError] = 
useState([32m""[0m);
  [90m    |[0m [31m[1m^^^^^^^^^^^^^^^^^^^^^^^^^^^^^^^^^^^^^^^^^[0m
[31m[1m>[0m [90m357 |[0m   [36mconst[0m [trackingId, setTrackingId] = 
useState([32m""[0m);
  [90m    |[0m 
[31m[1m^^^^^^^^^^^^^^^^^^^^^^^^^^^^^^^^^^^^^^^^^^^^^^^^^^^[0m
[31m[1m>[0m [90m358 |[0m   [36mconst[0m [services, setServices] = 
useState<[33mService[0m[]>([]);
  [90m    |[0m 
[31m[1m^^^^^^^^^^^^^^^^^^^^^^^^^^^^^^^^^^^^^^^^^^^^^^^^^^^^^^^^^^[0m
[31m[1m>[0m [90m359 |[0m   [36mconst[0m [bookedSlots, setBookedSlots] = 
useState<string[]>([]);
  [90m    |[0m 
[31m[1m^^^^^^^^^^^^^^^^^^^^^^^^^^^^^^^^^^^^^^^^^^^^^^^^^^^^^^^^^^^^^^^[0m
[31m[1m>[0m [90m360 |[0m   [36mconst[0m [form, setForm] = 
useState<[33mBookingFormData[0m>({
  [90m    |[0m 
[31m[1m^^^^^^^^^^^^^^^^^^^^^^^^^^^^^^^^^^^^^^^^^^^^^^^^^^^^^[0m
[31m[1m>[0m [90m361 |[0m     customer_name: [32m""[0m,
  [90m    |[0m [31m[1m^^^^^^^^^^^^^^^^^^^^^^[0m
[31m[1m>[0m [90m362 |[0m     customer_phone: [32m""[0m,
  [90m    |[0m [31m[1m^^^^^^^^^^^^^^^^^^^^^^^[0m
[31m[1m>[0m [90m363 |[0m     customer_email: [32m""[0m,
  [90m    |[0m [31m[1m^^^^^^^^^^^^^^^^^^^^^^^[0m
[31m[1m>[0m [90m364 |[0m     car_brand: [32m""[0m,
  [90m    |[0m [31m[1m^^^^^^^^^^^^^^^^^^[0m
[31m[1m>[0m [90m365 |[0m     car_model: [32m""[0m,
  [90m    |[0m [31m[1m^^^^^^^^^^^^^^^^^^[0m
[31m[1m>[0m [90m366 |[0m     car_year: [32m""[0m,
  [90m    |[0m [31m[1m^^^^^^^^^^^^^^^^^[0m
[31m[1m>[0m [90m367 |[0m     car_plate: [32m""[0m,
  [90m    |[0m [31m[1m^^^^^^^^^^^^^^^^^^[0m
[31m[1m>[0m [90m368 |[0m     service_id: [32m""[0m,
  [90m    |[0m [31m[1m^^^^^^^^^^^^^^^^^^^[0m
[31m[1m>[0m [90m369 |[0m     appointment_date: [32m""[0m,
  [90m    |[0m [31m[1m^^^^^^^^^^^^^^^^^^^^^^^^^[0m
[31m[1m>[0m [90m370 |[0m     time_slot: [32m""[0m,
  [90m    |[0m [31m[1m^^^^^^^^^^^^^^^^^^[0m
[31m[1m>[0m [90m371 |[0m   });
  [90m    |[0m [31m[1m^^^^^[0m
[31m[1m>[0m [90m372 |[0m
  [90m    |[0m [31m[1m^[0m
[31m[1m>[0m [90m373 |[0m   useEffect(() => {
  [90m    |[0m [31m[1m^^^^^^^^^^^^^^^^^^^[0m
[31m[1m>[0m [90m374 |[0m     fetchServices()
  [90m    |[0m [31m[1m^^^^^^^^^^^^^^^^^^^[0m
[31m[1m>[0m [90m375 |[0m       .then(setServices)
  [90m    |[0m [31m[1m^^^^^^^^^^^^^^^^^^^^^^^^[0m
[31m[1m>[0m [90m376 |[0m       .[36mcatch[0m(() => {});
  [90m    |[0m [31m[1m^^^^^^^^^^^^^^^^^^^^^^^[0m
[31m[1m>[0m [90m377 |[0m   }, []);
  [90m    |[0m [31m[1m^^^^^^^^^[0m
[31m[1m>[0m [90m378 |[0m
  [90m    |[0m [31m[1m^[0m
[31m[1m>[0m [90m379 |[0m   useEffect(() => {
  [90m    |[0m [31m[1m^^^^^^^^^^^^^^^^^^^[0m
[31m[1m>[0m [90m380 |[0m     [36mif[0m (form.appointment_date) {
  [90m    |[0m [31m[1m^^^^^^^^^^^^^^^^^^^^^^^^^^^^^^^^[0m
[31m[1m>[0m [90m381 |[0m       fetchBookedSlots(form.appointment_date)
  [90m    |[0m [31m[1m^^^^^^^^^^^^^^^^^^^^^^^^^^^^^^^^^^^^^^^^^^^^^[0m
[31m[1m>[0m [90m382 |[0m         .then(setBookedSlots)
  [90m    |[0m [31m[1m^^^^^^^^^^^^^^^^^^^^^^^^^^^^^[0m
[31m[1m>[0m [90m383 |[0m         .[36mcatch[0m(() => 
setBookedSlots([]));
  [90m    |[0m [31m[1m^^^^^^^^^^^^^^^^^^^^^^^^^^^^^^^^^^^^^^^^^[0m
[31m[1m>[0m [90m384 |[0m     }
  [90m    |[0m [31m[1m^^^^^[0m
[31m[1m>[0m [90m385 |[0m   }, [form.appointment_date]);
  [90m    |[0m [31m[1m^^^^^^^^^^^^^^^^^^^^^^^^^^^^^^[0m
[31m[1m>[0m [90m386 |[0m
  [90m    |[0m [31m[1m^[0m
[31m[1m>[0m [90m387 |[0m   [36mconst[0m displayServices = 
services.length > [35m0[0m
  [90m    |[0m [31m[1m^^^^^^^^^^^^^^^^^^^^^^^^^^^^^^^^^^^^^^^^^^^^^[0m
[31m[1m>[0m [90m388 |[0m     ? services
  [90m    |[0m [31m[1m^^^^^^^^^^^^^^[0m
[31m[1m>[0m [90m389 |[0m     : [33mPLACEHOLDER_SERVICES[0m.map((s, i) 
=> ({ ...s, id: [33mString[0m(i), created_at: [32m""[0m }));
  [90m    |[0m [31m[1m^^^^^^^^^^^^^^^^^^^^^^^^^^^^^^^^^^^^^^^^^^^^^^^^^^^^^
^^^^^^^^^^^^^^^^^^^^^^^^^^^^^^^[0m
[31m[1m>[0m [90m390 |[0m
  [90m    |[0m [31m[1m^[0m
[31m[1m>[0m [90m391 |[0m   [36mconst[0m update = (field: keyof 
[33mBookingFormData[0m, value: string) => {
  [90m    |[0m [31m[1m^^^^^^^^^^^^^^^^^^^^^^^^^^^^^^^^^^^^^^^^^^^^^^^^^^^^^
^^^^^^^^^^^^^^[0m
[31m[1m>[0m [90m392 |[0m     setForm((prev) => ({ ...prev, [field]: value 
}));
  [90m    |[0m 
[31m[1m^^^^^^^^^^^^^^^^^^^^^^^^^^^^^^^^^^^^^^^^^^^^^^^^^^^^^[0m
[31m[1m>[0m [90m393 |[0m   };
  [90m    |[0m [31m[1m^^^^[0m
[31m[1m>[0m [90m394 |[0m
  [90m    |[0m [31m[1m^[0m
[31m[1m>[0m [90m395 |[0m   [36mconst[0m selectedService = 
displayServices.find((s) => s.id === form.service_id);
  [90m    |[0m [31m[1m^^^^^^^^^^^^^^^^^^^^^^^^^^^^^^^^^^^^^^^^^^^^^^^^^^^^^
^^^^^^^^^^^^^^^^^^^^^^^^^^^[0m
[31m[1m>[0m [90m396 |[0m
  [90m    |[0m [31m[1m^[0m
[31m[1m>[0m [90m397 |[0m   [36mconst[0m timeSlots = 
form.appointment_date
  [90m    |[0m [31m[1m^^^^^^^^^^^^^^^^^^^^^^^^^^^^^^^^^^^^^^^^^[0m
[31m[1m>[0m [90m398 |[0m     ? isSaturday(form.appointment_date)
  [90m    |[0m [31m[1m^^^^^^^^^^^^^^^^^^^^^^^^^^^^^^^^^^^^^^^[0m
[31m[1m>[0m [90m399 |[0m       ? [33mTIME_SLOTS_SATURDAY[0m
  [90m    |[0m [31m[1m^^^^^^^^^^^^^^^^^^^^^^^^^^^[0m
[31m[1m>[0m [90m400 |[0m       : [33mTIME_SLOTS_WEEKDAY[0m
  [90m    |[0m [31m[1m^^^^^^^^^^^^^^^^^^^^^^^^^^[0m
[31m[1m>[0m [90m401 |[0m     : [];
  [90m    |[0m [31m[1m^^^^^^^^^[0m
[31m[1m>[0m [90m402 |[0m
  [90m    |[0m [31m[1m^[0m
[31m[1m>[0m [90m403 |[0m   [36mconst[0m canNext = (): boolean => {
  [90m    |[0m [31m[1m^^^^^^^^^^^^^^^^^^^^^^^^^^^^^^^^^^[0m
[31m[1m>[0m [90m404 |[0m     [36mswitch[0m (step) {
  [90m    |[0m [31m[1m^^^^^^^^^^^^^^^^^^^[0m
[31m[1m>[0m [90m405 |[0m       [36mcase[0m [35m0[0m:
  [90m    |[0m [31m[1m^^^^^^^^^^^^^[0m
[31m[1m>[0m [90m406 |[0m         [36mreturn[0m 
form.customer_name.trim().length >= [35m3[0m && 
form.customer_phone.replace([35m/\D/g[0m..[32m.[0m
  [90m    |[0m [31m[1m^^^^^^^^^^^^^^^^^^^^^^^^^^^^^^^^^^^^^^^^^^^^^^^^^^^^^
^^^^^^^^^^^^^^^^^^^^^^^^^^^^^^^^^^^^^^^[0m
[31m[1m>[0m [90m407 |[0m       [36mcase[0m [35m1[0m:
  [90m    |[0m [31m[1m^^^^^^^^^^^^^[0m
[31m[1m>[0m [90m408 |[0m         [36mreturn[0m form.car_brand !== 
[32m""[0m && form.car_model.trim().length >= [35m2[0m && form.car_yea...
  [90m    |[0m [31m[1m^^^^^^^^^^^^^^^^^^^^^^^^^^^^^^^^^^^^^^^^^^^^^^^^^^^^^
^^^^^^^^^^^^^^^^^^^^^^^^^^^^^^^^^^^^^^^[0m
[31m[1m>[0m [90m409 |[0m       [36mcase[0m [35m2[0m:
  [90m    |[0m [31m[1m^^^^^^^^^^^^^[0m
[31m[1m>[0m [90m410 |[0m         [36mreturn[0m form.service_id !== 
[32m""[0m;
  [90m    |[0m [31m[1m^^^^^^^^^^^^^^^^^^^^^^^^^^^^^^^^^^^^^^[0m
[31m[1m>[0m [90m411 |[0m       [36mcase[0m [35m3[0m:
  [90m    |[0m [31m[1m^^^^^^^^^^^^^[0m
[31m[1m>[0m [90m412 |[0m         [36mreturn[0m form.appointment_date 
!== [32m""[0m && form.time_slot !== [32m""[0m;
  [90m    |[0m [31m[1m^^^^^^^^^^^^^^^^^^^^^^^^^^^^^^^^^^^^^^^^^^^^^^^^^^^^^
^^^^^^^^^^^^^^^^[0m
[31m[1m>[0m [90m413 |[0m       [36mdefault[0m:
  [90m    |[0m [31m[1m^^^^^^^^^^^^^^[0m
[31m[1m>[0m [90m414 |[0m         [36mreturn[0m [36mfalse[0m;
  [90m    |[0m [31m[1m^^^^^^^^^^^^^^^^^^^^^[0m
[31m[1m>[0m [90m415 |[0m     }
  [90m    |[0m [31m[1m^^^^^[0m
[31m[1m>[0m [90m416 |[0m   };
  [90m    |[0m [31m[1m^^^^[0m
[31m[1m>[0m [90m417 |[0m
  [90m    |[0m [31m[1m^[0m
[31m[1m>[0m [90m418 |[0m   [36mconst[0m handleSubmit = [36masync[0m 
() => {
  [90m    |[0m [31m[1m^^^^^^^^^^^^^^^^^^^^^^^^^^^^^^^^^^^^[0m
[31m[1m>[0m [90m419 |[0m     setSubmitting([36mtrue[0m);
  [90m    |[0m [31m[1m^^^^^^^^^^^^^^^^^^^^^^^^[0m
[31m[1m>[0m [90m420 |[0m     setError([32m""[0m);
  [90m    |[0m [31m[1m^^^^^^^^^^^^^^^^^[0m
[31m[1m>[0m [90m421 |[0m     [36mtry[0m {
  [90m    |[0m [31m[1m^^^^^^^^^[0m
[31m[1m>[0m [90m422 |[0m       [36mconst[0m appointment = 
[36mawait[0m createAppointment(form);
  [90m    |[0m 
[31m[1m^^^^^^^^^^^^^^^^^^^^^^^^^^^^^^^^^^^^^^^^^^^^^^^^^^^^^^^^[0m
[31m[1m>[0m [90m423 |[0m       setTrackingId(appointment.tracking_id);
  [90m    |[0m [31m[1m^^^^^^^^^^^^^^^^^^^^^^^^^^^^^^^^^^^^^^^^^^^^^[0m
[31m[1m>[0m [90m424 |[0m       setSubmitted([36mtrue[0m);
  [90m    |[0m [31m[1m^^^^^^^^^^^^^^^^^^^^^^^^^[0m
[31m[1m>[0m [90m425 |[0m     } [36mcatch[0m (err: unknown) {
  [90m    |[0m [31m[1m^^^^^^^^^^^^^^^^^^^^^^^^^^^^[0m
[31m[1m>[0m [90m426 |[0m       [36mif[0m (err [36minstanceof[0m 
[33mError[0m && err.message === [32m"SLOT_TAKEN"[0m) {
  [90m    |[0m 
[31m[1m^^^^^^^^^^^^^^^^^^^^^^^^^^^^^^^^^^^^^^^^^^^^^^^^^^^^^^^^^^^^^^^^^[0m
[31m[1m>[0m [90m427 |[0m         setError([32m"Este hor├írio j├í foi 
reservado. Por favor, escolha outro."[0m);
  [90m    |[0m [31m[1m^^^^^^^^^^^^^^^^^^^^^^^^^^^^^^^^^^^^^^^^^^^^^^^^^^^^^
^^^^^^^^^^^^^^^^^^^^^^^^[0m
[31m[1m>[0m [90m428 |[0m         setStep([35m3[0m);
  [90m    |[0m [31m[1m^^^^^^^^^^^^^^^^^^^[0m
[31m[1m>[0m [90m429 |[0m       } [36melse[0m {
  [90m    |[0m [31m[1m^^^^^^^^^^^^^^[0m
[31m[1m>[0m [90m430 |[0m         setError([32m"Erro ao agendar. Tente 
novamente ou entre em contato pelo WhatsApp."[0m);
  [90m    |[0m [31m[1m^^^^^^^^^^^^^^^^^^^^^^^^^^^^^^^^^^^^^^^^^^^^^^^^^^^^^
^^^^^^^^^^^^^^^^^^^^^^^^^^^^^^^^^^^[0m
[31m[1m>[0m [90m431 |[0m       }
  [90m    |[0m [31m[1m^^^^^^^[0m
[31m[1m>[0m [90m432 |[0m     } [36mfinally[0m {
  [90m    |[0m [31m[1m^^^^^^^^^^^^^^^[0m
[31m[1m>[0m [90m433 |[0m       setSubmitting([36mfalse[0m);
  [90m    |[0m [31m[1m^^^^^^^^^^^^^^^^^^^^^^^^^^^[0m
[31m[1m>[0m [90m434 |[0m     }
  [90m    |[0m [31m[1m^^^^^[0m
[31m[1m>[0m [90m435 |[0m   };
  [90m    |[0m [31m[1m^^^^[0m
[31m[1m>[0m [90m436 |[0m
  [90m    |[0m [31m[1m^[0m
[31m[1m>[0m [90m437 |[0m   [36mif[0m (submitted) {
  [90m    |[0m [31m[1m^^^^^^^^^^^^^^^^^^[0m
[31m[1m>[0m [90m438 |[0m     [36mreturn[0m (
  [90m    |[0m [31m[1m^^^^^^^^^^^^[0m
[31m[1m>[0m [90m439 |[0m       <section className=[32m"py-20"[0m>
  [90m    |[0m [31m[1m^^^^^^^^^^^^^^^^^^^^^^^^^^^^^^^^^[0m
[31m[1m>[0m [90m440 |[0m         <div className=[32m"max-w-lg mx-auto 
px-4 text-center"[0m>
  [90m    |[0m 
[31m[1m^^^^^^^^^^^^^^^^^^^^^^^^^^^^^^^^^^^^^^^^^^^^^^^^^^^^^^^^^^^[0m
[31m[1m>[0m [90m441 |[0m           <div className=[32m"w-20 h-20 
rounded-full bg-green-100 flex items-center justify-c...[0m
  [90m    |[0m [31m[1m^^^^^^^^^^^^^^^^^^^^^^^^^^^^^^^^^^^^^^^^^^^^^^^^^^^^^
^^^^^^^^^^^^^^^^^^^^^^^^^^^^^^^^^^^^^^^[0m
[31m[1m>[0m [90m442 |[0m             <svg className=[32m"w-10 h-10 
text-green-600"[0m fill=[32m"none"[0m stroke=[32m"currentColor"[0m v...
  [90m    |[0m [31m[1m^^^^^^^^^^^^^^^^^^^^^^^^^^^^^^^^^^^^^^^^^^^^^^^^^^^^^
^^^^^^^^^^^^^^^^^^^^^^^^^^^^^^^^^^^^^^^[0m
[31m[1m>[0m [90m443 |[0m               <path 
strokeLinecap=[32m"round"[0m strokeLinejoin=[32m"round"[0m 
strokeWidth={[35m2[0m} d=[32m"M5 13...[0m
  [90m    |[0m [31m[1m^^^^^^^^^^^^^^^^^^^^^^^^^^^^^^^^^^^^^^^^^^^^^^^^^^^^^
^^^^^^^^^^^^^^^^^^^^^^^^^^^^^^^^^^^^^^^[0m
[31m[1m>[0m [90m444 |[0m             </svg>
  [90m    |[0m [31m[1m^^^^^^^^^^^^^^^^^^[0m
[31m[1m>[0m [90m445 |[0m           </div>
  [90m    |[0m [31m[1m^^^^^^^^^^^^^^^^[0m
[31m[1m>[0m [90m446 |[0m           <h1 className=[32m"text-3xl font-bold 
text-dark mb-4"[0m>[33mAgendamento[0m [33mEnviado[0m!</h1>
  [90m    |[0m [31m[1m^^^^^^^^^^^^^^^^^^^^^^^^^^^^^^^^^^^^^^^^^^^^^^^^^^^^^
^^^^^^^^^^^^^^^^^^^^^^^^^^^^^^^^[0m
[31m[1m>[0m [90m447 |[0m           <p className=[32m"text-gray-500 
mb-6"[0m>
  [90m    |[0m [31m[1m^^^^^^^^^^^^^^^^^^^^^^^^^^^^^^^^^^^^^^^^^^^^[0m
[31m[1m>[0m [90m448 |[0m             [33mSeu[0m agendamento foi 
recebido com sucesso. [33mEntraremos[0m em contato pelo [33mWhatsApp[0m...
  [90m    |[0m [31m[1m^^^^^^^^^^^^^^^^^^^^^^^^^^^^^^^^^^^^^^^^^^^^^^^^^^^^^
^^^^^^^^^^^^^^^^^^^^^^^^^^^^^^^^^^^^^^^[0m
[31m[1m>[0m [90m449 |[0m           </p>
  [90m    |[0m [31m[1m^^^^^^^^^^^^^^[0m
[31m[1m>[0m [90m450 |[0m           <div className=[32m"bg-surface 
rounded-xl p-6 text-left mb-8"[0m>
  [90m    |[0m [31m[1m^^^^^^^^^^^^^^^^^^^^^^^^^^^^^^^^^^^^^^^^^^^^^^^^^^^^^
^^^^^^^^^^^^^^^[0m
[31m[1m>[0m [90m451 |[0m             <h3 className=[32m"font-semibold 
text-dark mb-3"[0m>[33mResumo[0m:</h3>
  [90m    |[0m [31m[1m^^^^^^^^^^^^^^^^^^^^^^^^^^^^^^^^^^^^^^^^^^^^^^^^^^^^^
^^^^^^^^^^^^^^^^[0m
[31m[1m>[0m [90m452 |[0m             <ul className=[32m"space-y-2 
text-sm text-gray-600"[0m>
  [90m    |[0m 
[31m[1m^^^^^^^^^^^^^^^^^^^^^^^^^^^^^^^^^^^^^^^^^^^^^^^^^^^^^^^^^^^^[0m
[31m[1m>[0m [90m453 |[0m               <li><span 
className=[32m"font-medium text-dark"[0m>[33mNome[0m:<[35m/span> 
{form.customer_nam...[0m
  [90m    |[0m [31m[1m^^^^^^^^^^^^^^^^^^^^^^^^^^^^^^^^^^^^^^^^^^^^^^^^^^^^^
^^^^^^^^^^^^^^^^^^^^^^^^^^^^^^^^^^^^^^^[0m
[31m[1m>[0m [90m454 |[0m               <li><span 
className=[32m"font-medium text-dark"[0m>[33mWhatsApp[0m:<[35m/span> 
{form.customer...[0m
  [90m    |[0m [31m[1m^^^^^^^^^^^^^^^^^^^^^^^^^^^^^^^^^^^^^^^^^^^^^^^^^^^^^
^^^^^^^^^^^^^^^^^^^^^^^^^^^^^^^^^^^^^^^[0m
[31m[1m>[0m [90m455 |[0m               <li><span 
className=[32m"font-medium text-dark"[0m>[33mVe├¡culo[0m:<[35m/span> 
{form.car_brand...[0m
  [90m    |[0m [31m[1m^^^^^^^^^^^^^^^^^^^^^^^^^^^^^^^^^^^^^^^^^^^^^^^^^^^^^
^^^^^^^^^^^^^^^^^^^^^^^^^^^^^^^^^^^^^^^[0m
[31m[1m>[0m [90m456 |[0m               <li><span 
className=[32m"font-medium text-dark"[0m>[33mServi├ºo[0m:<[35m/span> 
{selectedServic...[0m
  [90m    |[0m [31m[1m^^^^^^^^^^^^^^^^^^^^^^^^^^^^^^^^^^^^^^^^^^^^^^^^^^^^^
^^^^^^^^^^^^^^^^^^^^^^^^^^^^^^^^^^^^^^^[0m
[31m[1m>[0m [90m457 |[0m               <li><span 
className=[32m"font-medium text-dark"[0m>[33mData[0m:<[35m/span> {new 
Date(form.app...[0m
  [90m    |[0m [31m[1m^^^^^^^^^^^^^^^^^^^^^^^^^^^^^^^^^^^^^^^^^^^^^^^^^^^^^
^^^^^^^^^^^^^^^^^^^^^^^^^^^^^^^^^^^^^^^[0m
[31m[1m>[0m [90m458 |[0m               <li><span 
className=[32m"font-medium text-dark"[0m>[33mHor├írio[0m:<[35m/span> 
{form.time_slot...[0m
  [90m    |[0m [31m[1m^^^^^^^^^^^^^^^^^^^^^^^^^^^^^^^^^^^^^^^^^^^^^^^^^^^^^
^^^^^^^^^^^^^^^^^^^^^^^^^^^^^^^^^^^^^^^[0m
[31m[1m>[0m [90m459 |[0m             </ul>
  [90m    |[0m [31m[1m^^^^^^^^^^^^^^^^^[0m
[31m[1m>[0m [90m460 |[0m           </div>
  [90m    |[0m [31m[1m^^^^^^^^^^^^^^^^[0m
[31m[1m>[0m [90m461 |[0m           {trackingId && (
  [90m    |[0m [31m[1m^^^^^^^^^^^^^^^^^^^^^^^^^^[0m
[31m[1m>[0m [90m462 |[0m             <div className=[32m"bg-orange-50 
border border-orange-200 rounded-xl p-4 mb-6"[0m>
  [90m    |[0m [31m[1m^^^^^^^^^^^^^^^^^^^^^^^^^^^^^^^^^^^^^^^^^^^^^^^^^^^^^
^^^^^^^^^^^^^^^^^^^^^^^^^^^^^^^^^^[0m
[31m[1m>[0m [90m463 |[0m               <p className=[32m"text-sm 
font-medium text-dark mb-1"[0m>[33mAcompanhe[0m seu servi├ºo:</p>
  [90m    |[0m [31m[1m^^^^^^^^^^^^^^^^^^^^^^^^^^^^^^^^^^^^^^^^^^^^^^^^^^^^^
^^^^^^^^^^^^^^^^^^^^^^^^^^^^^^^^^^^^^[0m
[31m[1m>[0m [90m464 |[0m               <[33mLink[0m 
href={[32m`/acompanhar/[0m${trackingId[32m}`[0m} 
className=[32m"text-primary-orange fon...[0m
  [90m    |[0m [31m[1m^^^^^^^^^^^^^^^^^^^^^^^^^^^^^^^^^^^^^^^^^^^^^^^^^^^^^
^^^^^^^^^^^^^^^^^^^^^^^^^^^^^^^^^^^^^^^[0m
[31m[1m>[0m [90m465 |[0m                 [33mAbrir[0m p├ígina de 
acompanhamento ÔåÆ
  [90m    |[0m [31m[1m^^^^^^^^^^^^^^^^^^^^^^^^^^^^^^^^^^^^^^^^^^^^^^^^[0m
[31m[1m>[0m [90m466 |[0m               </[33mLink[0m>
  [90m    |[0m [31m[1m^^^^^^^^^^^^^^^^^^^^^[0m
[31m[1m>[0m [90m467 |[0m             </div>
  [90m    |[0m [31m[1m^^^^^^^^^^^^^^^^^^[0m
[31m[1m>[0m [90m468 |[0m           )}
  [90m    |[0m [31m[1m^^^^^^^^^^^^[0m
[31m[1m>[0m [90m469 |[0m           <div className=[32m"flex flex-col 
sm:flex-row gap-3 justify-center"[0m>
  [90m    |[0m [31m[1m^^^^^^^^^^^^^^^^^^^^^^^^^^^^^^^^^^^^^^^^^^^^^^^^^^^^^
^^^^^^^^^^^^^^^^^^^^^[0m
[31m[1m>[0m [90m470 |[0m             <[33mLink[0m href=[32m"/"[0m 
className=[32m"btn-secondary text-sm"[0m>
  [90m    |[0m 
[31m[1m^^^^^^^^^^^^^^^^^^^^^^^^^^^^^^^^^^^^^^^^^^^^^^^^^^^^^^^^^^^^^[0m
[31m[1m>[0m [90m471 |[0m               [33mVoltar[0m ao [33mIn├¡cio[0m
  [90m    |[0m [31m[1m^^^^^^^^^^^^^^^^^^^^^^^^^^^^^^[0m
[31m[1m>[0m [90m472 |[0m             </[33mLink[0m>
  [90m    |[0m [31m[1m^^^^^^^^^^^^^^^^^^^[0m
[31m[1m>[0m [90m473 |[0m             <a
  [90m    |[0m [31m[1m^^^^^^^^^^^^^^[0m
[31m[1m>[0m [90m474 |[0m               
href={[33mCOMPANY[0m.whatsappLink}
  [90m    |[0m [31m[1m^^^^^^^^^^^^^^^^^^^^^^^^^^^^^^^^^^^^^^^^^[0m
[31m[1m>[0m [90m475 |[0m               target=[32m"_blank"[0m
  [90m    |[0m [31m[1m^^^^^^^^^^^^^^^^^^^^^^^^^^^^^[0m
[31m[1m>[0m [90m476 |[0m               rel=[32m"noopener noreferrer"[0m
  [90m    |[0m [31m[1m^^^^^^^^^^^^^^^^^^^^^^^^^^^^^^^^^^^^^^^[0m
[31m[1m>[0m [90m477 |[0m               className=[32m"btn-primary 
text-sm !bg-green-500 hover:!bg-green-600"[0m
  [90m    |[0m [31m[1m^^^^^^^^^^^^^^^^^^^^^^^^^^^^^^^^^^^^^^^^^^^^^^^^^^^^^
^^^^^^^^^^^^^^^^^^^^^^^^^^[0m
[31m[1m>[0m [90m478 |[0m             >
  [90m    |[0m [31m[1m^^^^^^^^^^^^^[0m
[31m[1m>[0m [90m479 |[0m               <svg className=[32m"w-4 h-4"[0m 
fill=[32m"currentColor"[0m viewBox=[32m"0 0 24 24"[0m>
  [90m    |[0m [31m[1m^^^^^^^^^^^^^^^^^^^^^^^^^^^^^^^^^^^^^^^^^^^^^^^^^^^^^
^^^^^^^^^^^^^^^^^^^^^^^^^^[0m
[31m[1m>[0m [90m480 |[0m                 <path d=[32m"M17.472 
14.382c-.297-.149-1.758-.867-2.03-.967-.273-.099-.471-.1...[0m
  [90m    |[0m [31m[1m^^^^^^^^^^^^^^^^^^^^^^^^^^^^^^^^^^^^^^^^^^^^^^^^^^^^^
^^^^^^^^^^^^^^^^^^^^^^^^^^^^^^^^^^^^^^^[0m
[31m[1m>[0m [90m481 |[0m               </svg>
  [90m    |[0m [31m[1m^^^^^^^^^^^^^^^^^^^^[0m
[31m[1m>[0m [90m482 |[0m               [33mFalar[0m no [33mWhatsApp[0m
  [90m    |[0m [31m[1m^^^^^^^^^^^^^^^^^^^^^^^^^^^^^^^[0m
[31m[1m>[0m [90m483 |[0m             </a>
  [90m    |[0m [31m[1m^^^^^^^^^^^^^^^^[0m
[31m[1m>[0m [90m484 |[0m           </div>
  [90m    |[0m [31m[1m^^^^^^^^^^^^^^^^[0m
[31m[1m>[0m [90m485 |[0m         </div>
  [90m    |[0m [31m[1m^^^^^^^^^^^^^^[0m
[31m[1m>[0m [90m486 |[0m       </section>
  [90m    |[0m [31m[1m^^^^^^^^^^^^^^^^[0m
[31m[1m>[0m [90m487 |[0m     );
  [90m    |[0m [31m[1m^^^^^^[0m
[31m[1m>[0m [90m488 |[0m   }
  [90m    |[0m [31m[1m^^^[0m
[31m[1m>[0m [90m489 |[0m
  [90m    |[0m [31m[1m^[0m
[31m[1m>[0m [90m490 |[0m   [36mreturn[0m (
  [90m    |[0m [31m[1m^^^^^^^^^^[0m
[31m[1m>[0m [90m491 |[0m     <>
  [90m    |[0m [31m[1m^^^^^^[0m
[31m[1m>[0m [90m492 |[0m       <section className=[32m"bg-dark-bg 
py-12"[0m>
  [90m    |[0m [31m[1m^^^^^^^^^^^^^^^^^^^^^^^^^^^^^^^^^^^^^^^^^^^^[0m
[31m[1m>[0m [90m493 |[0m         <div className=[32m"max-w-3xl mx-auto 
px-4 text-center"[0m>
  [90m    |[0m 
[31m[1m^^^^^^^^^^^^^^^^^^^^^^^^^^^^^^^^^^^^^^^^^^^^^^^^^^^^^^^^^^^^[0m
[31m[1m>[0m [90m494 |[0m           <h1 className=[32m"text-3xl 
sm:text-4xl font-bold text-white mb-2"[0m>
  [90m    |[0m [31m[1m^^^^^^^^^^^^^^^^^^^^^^^^^^^^^^^^^^^^^^^^^^^^^^^^^^^^^
^^^^^^^^^^^^^^^^^^^^[0m
[31m[1m>[0m [90m495 |[0m             [33mAgendar[0m <span 
className=[32m"gradient-text"[0m>[33mServi├ºo[0m</span>
  [90m    |[0m 
[31m[1m^^^^^^^^^^^^^^^^^^^^^^^^^^^^^^^^^^^^^^^^^^^^^^^^^^^^^^^^^^^^^^^^^^[0m
[31m[1m>[0m [90m496 |[0m           </h1>
  [90m    |[0m [31m[1m^^^^^^^^^^^^^^^[0m
[31m[1m>[0m [90m497 |[0m           <p 
className=[32m"text-gray-400"[0m>[33mPreencha[0m os dados abaixo para 
agendar seu servi├ºo....
  [90m    |[0m [31m[1m^^^^^^^^^^^^^^^^^^^^^^^^^^^^^^^^^^^^^^^^^^^^^^^^^^^^^
^^^^^^^^^^^^^^^^^^^^^^^^^^^^^^^^^^^^^^^[0m
[31m[1m>[0m [90m498 |[0m         </div>
  [90m    |[0m [31m[1m^^^^^^^^^^^^^^[0m
[31m[1m>[0m [90m499 |[0m       </section>
  [90m    |[0m [31m[1m^^^^^^^^^^^^^^^^[0m
[31m[1m>[0m [90m500 |[0m
  [90m    |[0m [31m[1m^[0m
[31m[1m>[0m [90m501 |[0m       <section className=[32m"py-12 
bg-surface"[0m>
  [90m    |[0m [31m[1m^^^^^^^^^^^^^^^^^^^^^^^^^^^^^^^^^^^^^^^^^^^^[0m
[31m[1m>[0m [90m502 |[0m         <div className=[32m"max-w-2xl mx-auto 
px-4"[0m>
  [90m    |[0m [31m[1m^^^^^^^^^^^^^^^^^^^^^^^^^^^^^^^^^^^^^^^^^^^^^^^^[0m
[31m[1m>[0m [90m503 |[0m           <div className=[32m"flex items-center 
justify-between mb-10"[0m>
  [90m    |[0m [31m[1m^^^^^^^^^^^^^^^^^^^^^^^^^^^^^^^^^^^^^^^^^^^^^^^^^^^^^
^^^^^^^^^^^^^^[0m
[31m[1m>[0m [90m504 |[0m             {[33mSTEPS[0m.map((label, i) => (
  [90m    |[0m [31m[1m^^^^^^^^^^^^^^^^^^^^^^^^^^^^^^^^^^^^^^[0m
[31m[1m>[0m [90m505 |[0m               <div key={label} 
className=[32m"flex items-center"[0m>
  [90m    |[0m 
[31m[1m^^^^^^^^^^^^^^^^^^^^^^^^^^^^^^^^^^^^^^^^^^^^^^^^^^^^^^^^^^^^^[0m
[31m[1m>[0m [90m506 |[0m                 <div className=[32m"flex 
flex-col items-center"[0m>
  [90m    |[0m 
[31m[1m^^^^^^^^^^^^^^^^^^^^^^^^^^^^^^^^^^^^^^^^^^^^^^^^^^^^^^^^^^^^[0m
[31m[1m>[0m [90m507 |[0m                   <div
  [90m    |[0m [31m[1m^^^^^^^^^^^^^^^^^^^^^^[0m
[31m[1m>[0m [90m508 |[0m                     className={[32m`w-8 h-8 
rounded-full flex items-center justify-center tex...[0m
  [90m    |[0m [31m[1m^^^^^^^^^^^^^^^^^^^^^^^^^^^^^^^^^^^^^^^^^^^^^^^^^^^^^
^^^^^^^^^^^^^^^^^^^^^^^^^^^^^^^^^^^^^^^[0m
[31m[1m>[0m [90m509 |[0m                       i <= step ? 
[32m"gradient-brand text-white"[0m : [32m"bg-gray-200 text-gray-400"[0m
  [90m    |[0m [31m[1m^^^^^^^^^^^^^^^^^^^^^^^^^^^^^^^^^^^^^^^^^^^^^^^^^^^^^
^^^^^^^^^^^^^^^^^^^^^^^^^^^^^^^^^^^^^^[0m
[31m[1m>[0m [90m510 |[0m                     [32m}`[0m}
  [90m    |[0m [31m[1m^^^^^^^^^^^^^^^^^^^^^^^[0m
[31m[1m>[0m [90m511 |[0m                   >
  [90m    |[0m [31m[1m^^^^^^^^^^^^^^^^^^^[0m
[31m[1m>[0m [90m512 |[0m                     {i < step ? (
  [90m    |[0m [31m[1m^^^^^^^^^^^^^^^^^^^^^^^^^^^^^^^^^[0m
[31m[1m>[0m [90m513 |[0m                       <svg className=[32m"w-4 
h-4"[0m fill=[32m"none"[0m stroke=[32m"currentColor"[0m 
viewBox=[32m...[0m
  [90m    |[0m [31m[1m^^^^^^^^^^^^^^^^^^^^^^^^^^^^^^^^^^^^^^^^^^^^^^^^^^^^^
^^^^^^^^^^^^^^^^^^^^^^^^^^^^^^^^^^^^^^^[0m
[31m[1m>[0m [90m514 |[0m                         <path 
strokeLinecap=[32m"round"[0m strokeLinejoin=[32m"round"[0m 
strokeWidth={[35m3[0m...
  [90m    |[0m [31m[1m^^^^^^^^^^^^^^^^^^^^^^^^^^^^^^^^^^^^^^^^^^^^^^^^^^^^^
^^^^^^^^^^^^^^^^^^^^^^^^^^^^^^^^^^^^^^^[0m
[31m[1m>[0m [90m515 |[0m                       </svg>
  [90m    |[0m [31m[1m^^^^^^^^^^^^^^^^^^^^^^^^^^^^[0m
[31m[1m>[0m [90m516 |[0m                     ) : (
  [90m    |[0m [31m[1m^^^^^^^^^^^^^^^^^^^^^^^^^[0m
[31m[1m>[0m [90m517 |[0m                       i + [35m1[0m
  [90m    |[0m [31m[1m^^^^^^^^^^^^^^^^^^^^^^^^^^^[0m
[31m[1m>[0m [90m518 |[0m                     )}
  [90m    |[0m [31m[1m^^^^^^^^^^^^^^^^^^^^^^[0m
[31m[1m>[0m [90m519 |[0m                   </div>
  [90m    |[0m [31m[1m^^^^^^^^^^^^^^^^^^^^^^^^[0m
[31m[1m>[0m [90m520 |[0m                   <span className=[32m"text-xs 
mt-1 text-gray-500 hidden sm:block"[0m>{label}</s...
  [90m    |[0m [31m[1m^^^^^^^^^^^^^^^^^^^^^^^^^^^^^^^^^^^^^^^^^^^^^^^^^^^^^
^^^^^^^^^^^^^^^^^^^^^^^^^^^^^^^^^^^^^^^[0m
[31m[1m>[0m [90m521 |[0m                 </div>
  [90m    |[0m [31m[1m^^^^^^^^^^^^^^^^^^^^^^[0m
[31m[1m>[0m [90m522 |[0m                 {i < [33mSTEPS[0m.length - 
[35m1[0m && (
  [90m    |[0m [31m[1m^^^^^^^^^^^^^^^^^^^^^^^^^^^^^^^^^^^^^^^^^^[0m
[31m[1m>[0m [90m523 |[0m                   <div className={[32m`w-8 
sm:w-16 h-0.5 mx-1 [0m${i < step ? [32m"bg-primary-orange.[0m..
  [90m    |[0m [31m[1m^^^^^^^^^^^^^^^^^^^^^^^^^^^^^^^^^^^^^^^^^^^^^^^^^^^^^
^^^^^^^^^^^^^^^^^^^^^^^^^^^^^^^^^^^^^^^[0m
[31m[1m>[0m [90m524 |[0m                 )}
  [90m    |[0m [31m[1m^^^^^^^^^^^^^^^^^^[0m
[31m[1m>[0m [90m525 |[0m               </div>
  [90m    |[0m [31m[1m^^^^^^^^^^^^^^^^^^^^[0m
[31m[1m>[0m [90m526 |[0m             ))}
  [90m    |[0m [31m[1m^^^^^^^^^^^^^^^[0m
[31m[1m>[0m [90m527 |[0m           </div>
  [90m    |[0m [31m[1m^^^^^^^^^^^^^^^^[0m
[31m[1m>[0m [90m528 |[0m
  [90m    |[0m [31m[1m^[0m
[31m[1m>[0m [90m529 |[0m           <div className=[32m"bg-white 
rounded-xl p-6 sm:p-8 shadow-sm"[0m>
  [90m    |[0m [31m[1m^^^^^^^^^^^^^^^^^^^^^^^^^^^^^^^^^^^^^^^^^^^^^^^^^^^^^
^^^^^^^^^^^^^^^[0m
[31m[1m>[0m [90m530 |[0m             {step === [35m0[0m && (
  [90m    |[0m [31m[1m^^^^^^^^^^^^^^^^^^^^^^^^^^^^[0m
[31m[1m>[0m [90m531 |[0m               <div 
className=[32m"space-y-4"[0m>
  [90m    |[0m [31m[1m^^^^^^^^^^^^^^^^^^^^^^^^^^^^^^^^^^^^^^^^^[0m
[31m[1m>[0m [90m532 |[0m                 <h2 className=[32m"text-xl 
font-bold text-dark mb-4"[0m>[33mSeus[0m [33mDados[0m</h2>
  [90m    |[0m [31m[1m^^^^^^^^^^^^^^^^^^^^^^^^^^^^^^^^^^^^^^^^^^^^^^^^^^^^^
^^^^^^^^^^^^^^^^^^^^^^^^^^^[0m
[31m[1m>[0m [90m533 |[0m                 <div>
  [90m    |[0m [31m[1m^^^^^^^^^^^^^^^^^^^^^[0m
[31m[1m>[0m [90m534 |[0m                   <label className=[32m"block 
text-sm font-medium text-gray-700 mb-1"[0m>[33mNome[0m [33mCo...[0m
  [90m    |[0m [31m[1m^^^^^^^^^^^^^^^^^^^^^^^^^^^^^^^^^^^^^^^^^^^^^^^^^^^^^
^^^^^^^^^^^^^^^^^^^^^^^^^^^^^^^^^^^^^^^[0m
[31m[1m>[0m [90m535 |[0m                   <input 
[36mtype[0m=[32m"text"[0m value={form.customer_name} onChange={(e) => 
update([32m"...[0m
  [90m    |[0m [31m[1m^^^^^^^^^^^^^^^^^^^^^^^^^^^^^^^^^^^^^^^^^^^^^^^^^^^^^
^^^^^^^^^^^^^^^^^^^^^^^^^^^^^^^^^^^^^^^[0m
[31m[1m>[0m [90m536 |[0m                 </div>
  [90m    |[0m [31m[1m^^^^^^^^^^^^^^^^^^^^^^[0m
[31m[1m>[0m [90m537 |[0m                 <div>
  [90m    |[0m [31m[1m^^^^^^^^^^^^^^^^^^^^^[0m
[31m[1m>[0m [90m538 |[0m                   <label className=[32m"block 
text-sm font-medium text-gray-700 mb-1"[0m>[33mWhatsAp.[0m..
  [90m    |[0m [31m[1m^^^^^^^^^^^^^^^^^^^^^^^^^^^^^^^^^^^^^^^^^^^^^^^^^^^^^
^^^^^^^^^^^^^^^^^^^^^^^^^^^^^^^^^^^^^^^[0m
[31m[1m>[0m [90m539 |[0m                   <input 
[36mtype[0m=[32m"tel"[0m value={form.customer_phone} onChange={(e) => 
update([32m"...[0m
  [90m    |[0m [31m[1m^^^^^^^^^^^^^^^^^^^^^^^^^^^^^^^^^^^^^^^^^^^^^^^^^^^^^
^^^^^^^^^^^^^^^^^^^^^^^^^^^^^^^^^^^^^^^[0m
[31m[1m>[0m [90m540 |[0m                 </div>
  [90m    |[0m [31m[1m^^^^^^^^^^^^^^^^^^^^^^[0m
[31m[1m>[0m [90m541 |[0m                 <div>
  [90m    |[0m [31m[1m^^^^^^^^^^^^^^^^^^^^^[0m
[31m[1m>[0m [90m542 |[0m                   <label className=[32m"block 
text-sm font-medium text-gray-700 mb-1"[0m>[33mEmail[0m <...
  [90m    |[0m [31m[1m^^^^^^^^^^^^^^^^^^^^^^^^^^^^^^^^^^^^^^^^^^^^^^^^^^^^^
^^^^^^^^^^^^^^^^^^^^^^^^^^^^^^^^^^^^^^^[0m
[31m[1m>[0m [90m543 |[0m                   <input 
[36mtype[0m=[32m"email"[0m value={form.customer_email} onChange={(e) => 
update.[32m..[0m
  [90m    |[0m [31m[1m^^^^^^^^^^^^^^^^^^^^^^^^^^^^^^^^^^^^^^^^^^^^^^^^^^^^^
^^^^^^^^^^^^^^^^^^^^^^^^^^^^^^^^^^^^^^^[0m
[31m[1m>[0m [90m544 |[0m                 </div>
  [90m    |[0m [31m[1m^^^^^^^^^^^^^^^^^^^^^^[0m
[31m[1m>[0m [90m545 |[0m               </div>
  [90m    |[0m [31m[1m^^^^^^^^^^^^^^^^^^^^[0m
[31m[1m>[0m [90m546 |[0m             )}
  [90m    |[0m [31m[1m^^^^^^^^^^^^^^[0m
[31m[1m>[0m [90m547 |[0m
  [90m    |[0m [31m[1m^[0m
[31m[1m>[0m [90m548 |[0m             {step === [35m1[0m && (
  [90m    |[0m [31m[1m^^^^^^^^^^^^^^^^^^^^^^^^^^^^[0m
[31m[1m>[0m [90m549 |[0m               <div 
className=[32m"space-y-4"[0m>
  [90m    |[0m [31m[1m^^^^^^^^^^^^^^^^^^^^^^^^^^^^^^^^^^^^^^^^^[0m
[31m[1m>[0m [90m550 |[0m                 <h2 className=[32m"text-xl 
font-bold text-dark mb-4"[0m>[33mSeu[0m [33mVe├¡culo[0m</h2>
  [90m    |[0m [31m[1m^^^^^^^^^^^^^^^^^^^^^^^^^^^^^^^^^^^^^^^^^^^^^^^^^^^^^
^^^^^^^^^^^^^^^^^^^^^^^^^^^^[0m
[31m[1m>[0m [90m551 |[0m                 <div>
  [90m    |[0m [31m[1m^^^^^^^^^^^^^^^^^^^^^[0m
[31m[1m>[0m [90m552 |[0m                   <label className=[32m"block 
text-sm font-medium text-gray-700 mb-1"[0m>[33mMarca[0m *...
  [90m    |[0m [31m[1m^^^^^^^^^^^^^^^^^^^^^^^^^^^^^^^^^^^^^^^^^^^^^^^^^^^^^
^^^^^^^^^^^^^^^^^^^^^^^^^^^^^^^^^^^^^^^[0m
[31m[1m>[0m [90m553 |[0m                   <select value={form.car_brand} 
onChange={(e) => update([32m"car_brand"[0m, e.t...
  [90m    |[0m [31m[1m^^^^^^^^^^^^^^^^^^^^^^^^^^^^^^^^^^^^^^^^^^^^^^^^^^^^^
^^^^^^^^^^^^^^^^^^^^^^^^^^^^^^^^^^^^^^^[0m
[31m[1m>[0m [90m554 |[0m                     <option 
value=[32m""[0m>[33mSelecione[0m a marca</option>
  [90m    |[0m 
[31m[1m^^^^^^^^^^^^^^^^^^^^^^^^^^^^^^^^^^^^^^^^^^^^^^^^^^^^^^^^^^^^^^^[0m
[31m[1m>[0m [90m555 |[0m                     
{[33mCAR_BRANDS[0m.map((brand) => (<option key={brand} 
value={brand}>{brand}...
  [90m    |[0m [31m[1m^^^^^^^^^^^^^^^^^^^^^^^^^^^^^^^^^^^^^^^^^^^^^^^^^^^^^
^^^^^^^^^^^^^^^^^^^^^^^^^^^^^^^^^^^^^^^[0m
[31m[1m>[0m [90m556 |[0m                   </select>
  [90m    |[0m [31m[1m^^^^^^^^^^^^^^^^^^^^^^^^^^^[0m
[31m[1m>[0m [90m557 |[0m                 </div>
  [90m    |[0m [31m[1m^^^^^^^^^^^^^^^^^^^^^^[0m
[31m[1m>[0m [90m558 |[0m                 <div>
  [90m    |[0m [31m[1m^^^^^^^^^^^^^^^^^^^^^[0m
[31m[1m>[0m [90m559 |[0m                   <label className=[32m"block 
text-sm font-medium text-gray-700 mb-1"[0m>[33mModelo[0m ...
  [90m    |[0m [31m[1m^^^^^^^^^^^^^^^^^^^^^^^^^^^^^^^^^^^^^^^^^^^^^^^^^^^^^
^^^^^^^^^^^^^^^^^^^^^^^^^^^^^^^^^^^^^^^[0m
[31m[1m>[0m [90m560 |[0m                   <input 
[36mtype[0m=[32m"text"[0m value={form.car_model} onChange={(e) => 
update([32m"car_...[0m
  [90m    |[0m [31m[1m^^^^^^^^^^^^^^^^^^^^^^^^^^^^^^^^^^^^^^^^^^^^^^^^^^^^^
^^^^^^^^^^^^^^^^^^^^^^^^^^^^^^^^^^^^^^^[0m
[31m[1m>[0m [90m561 |[0m                 </div>
  [90m    |[0m [31m[1m^^^^^^^^^^^^^^^^^^^^^^[0m
[31m[1m>[0m [90m562 |[0m                 <div className=[32m"grid 
grid-cols-2 gap-4"[0m>
  [90m    |[0m 
[31m[1m^^^^^^^^^^^^^^^^^^^^^^^^^^^^^^^^^^^^^^^^^^^^^^^^^^^^^^^^[0m
[31m[1m>[0m [90m563 |[0m                   <div>
  [90m    |[0m [31m[1m^^^^^^^^^^^^^^^^^^^^^^^[0m
[31m[1m>[0m [90m564 |[0m                     <label className=[32m"block 
text-sm font-medium text-gray-700 mb-1"[0m>[33mAno[0m *...
  [90m    |[0m [31m[1m^^^^^^^^^^^^^^^^^^^^^^^^^^^^^^^^^^^^^^^^^^^^^^^^^^^^^
^^^^^^^^^^^^^^^^^^^^^^^^^^^^^^^^^^^^^^^[0m
[31m[1m>[0m [90m565 |[0m                     <input 
[36mtype[0m=[32m"text"[0m value={form.car_year} onChange={(e) => 
update([32m"car...[0m
  [90m    |[0m [31m[1m^^^^^^^^^^^^^^^^^^^^^^^^^^^^^^^^^^^^^^^^^^^^^^^^^^^^^
^^^^^^^^^^^^^^^^^^^^^^^^^^^^^^^^^^^^^^^[0m
[31m[1m>[0m [90m566 |[0m                   </div>
  [90m    |[0m [31m[1m^^^^^^^^^^^^^^^^^^^^^^^^[0m
[31m[1m>[0m [90m567 |[0m                   <div>
  [90m    |[0m [31m[1m^^^^^^^^^^^^^^^^^^^^^^^[0m
[31m[1m>[0m [90m568 |[0m                     <label className=[32m"block 
text-sm font-medium text-gray-700 mb-1"[0m>[33mPlaca[0m...
  [90m    |[0m [31m[1m^^^^^^^^^^^^^^^^^^^^^^^^^^^^^^^^^^^^^^^^^^^^^^^^^^^^^
^^^^^^^^^^^^^^^^^^^^^^^^^^^^^^^^^^^^^^^[0m
[31m[1m>[0m [90m569 |[0m                     <input 
[36mtype[0m=[32m"text"[0m value={form.car_plate} onChange={(e) => 
update([32m"ca...[0m
  [90m    |[0m [31m[1m^^^^^^^^^^^^^^^^^^^^^^^^^^^^^^^^^^^^^^^^^^^^^^^^^^^^^
^^^^^^^^^^^^^^^^^^^^^^^^^^^^^^^^^^^^^^^[0m
[31m[1m>[0m [90m570 |[0m                   </div>
  [90m    |[0m [31m[1m^^^^^^^^^^^^^^^^^^^^^^^^[0m
[31m[1m>[0m [90m571 |[0m                 </div>
  [90m    |[0m [31m[1m^^^^^^^^^^^^^^^^^^^^^^[0m
[31m[1m>[0m [90m572 |[0m               </div>
  [90m    |[0m [31m[1m^^^^^^^^^^^^^^^^^^^^[0m
[31m[1m>[0m [90m573 |[0m             )}
  [90m    |[0m [31m[1m^^^^^^^^^^^^^^[0m
[31m[1m>[0m [90m574 |[0m
  [90m    |[0m [31m[1m^[0m
[31m[1m>[0m [90m575 |[0m             {step === [35m2[0m && (
  [90m    |[0m [31m[1m^^^^^^^^^^^^^^^^^^^^^^^^^^^^[0m
[31m[1m>[0m [90m576 |[0m               <div>
  [90m    |[0m [31m[1m^^^^^^^^^^^^^^^^^^^[0m
[31m[1m>[0m [90m577 |[0m                 <h2 className=[32m"text-xl 
font-bold text-dark mb-4"[0m>[33mEscolha[0m o [33mServi├ºo[0m</h2>
  [90m    |[0m [31m[1m^^^^^^^^^^^^^^^^^^^^^^^^^^^^^^^^^^^^^^^^^^^^^^^^^^^^^
^^^^^^^^^^^^^^^^^^^^^^^^^^^^^^^^^^[0m
[31m[1m>[0m [90m578 |[0m                 <div 
className=[32m"space-y-3"[0m>
  [90m    |[0m [31m[1m^^^^^^^^^^^^^^^^^^^^^^^^^^^^^^^^^^^^^^^^^^^[0m
[31m[1m>[0m [90m579 |[0m                   {displayServices.map((service) 
=> (
  [90m    |[0m 
[31m[1m^^^^^^^^^^^^^^^^^^^^^^^^^^^^^^^^^^^^^^^^^^^^^^^^^^^^^[0m
[31m[1m>[0m [90m580 |[0m                     <label key={service.id} 
className={[32m`flex items-center gap-4 p-4 round...[0m
  [90m    |[0m [31m[1m^^^^^^^^^^^^^^^^^^^^^^^^^^^^^^^^^^^^^^^^^^^^^^^^^^^^^
^^^^^^^^^^^^^^^^^^^^^^^^^^^^^^^^^^^^^^^[0m
[31m[1m>[0m [90m581 |[0m                       <input 
[36mtype[0m=[32m"radio"[0m name=[32m"service"[0m value={service.id} 
checked={form...
  [90m    |[0m [31m[1m^^^^^^^^^^^^^^^^^^^^^^^^^^^^^^^^^^^^^^^^^^^^^^^^^^^^^
^^^^^^^^^^^^^^^^^^^^^^^^^^^^^^^^^^^^^^^[0m
[31m[1m>[0m [90m582 |[0m                       <div className={[32m`w-5 
h-5 rounded-full border-2 flex items-center ju...[0m
  [90m    |[0m [31m[1m^^^^^^^^^^^^^^^^^^^^^^^^^^^^^^^^^^^^^^^^^^^^^^^^^^^^^
^^^^^^^^^^^^^^^^^^^^^^^^^^^^^^^^^^^^^^^[0m
[31m[1m>[0m [90m583 |[0m                         {form.service_id === 
service.id && <div className=[32m"w-3 h-3 rounde...[0m
  [90m    |[0m [31m[1m^^^^^^^^^^^^^^^^^^^^^^^^^^^^^^^^^^^^^^^^^^^^^^^^^^^^^
^^^^^^^^^^^^^^^^^^^^^^^^^^^^^^^^^^^^^^^[0m
[31m[1m>[0m [90m584 |[0m                       </div>
  [90m    |[0m [31m[1m^^^^^^^^^^^^^^^^^^^^^^^^^^^^[0m
[31m[1m>[0m [90m585 |[0m                       <div 
className=[32m"flex-1"[0m>
  [90m    |[0m [31m[1m^^^^^^^^^^^^^^^^^^^^^^^^^^^^^^^^^^^^^^^^^^^^^^[0m
[31m[1m>[0m [90m586 |[0m                         <p 
className=[32m"font-semibold text-dark"[0m>{service.name}</p>
  [90m    |[0m [31m[1m^^^^^^^^^^^^^^^^^^^^^^^^^^^^^^^^^^^^^^^^^^^^^^^^^^^^^
^^^^^^^^^^^^^^^^^^^^^^^^^^^^[0m
[31m[1m>[0m [90m587 |[0m                         <p 
className=[32m"text-xs text-gray-500"[0m>{service.description}</p>
  [90m    |[0m [31m[1m^^^^^^^^^^^^^^^^^^^^^^^^^^^^^^^^^^^^^^^^^^^^^^^^^^^^^
^^^^^^^^^^^^^^^^^^^^^^^^^^^^^^^^^[0m
[31m[1m>[0m [90m588 |[0m                       </div>
  [90m    |[0m [31m[1m^^^^^^^^^^^^^^^^^^^^^^^^^^^^[0m
[31m[1m>[0m [90m589 |[0m                       <div 
className=[32m"text-right shrink-0"[0m>
  [90m    |[0m 
[31m[1m^^^^^^^^^^^^^^^^^^^^^^^^^^^^^^^^^^^^^^^^^^^^^^^^^^^^^^^^^^^[0m
[31m[1m>[0m [90m590 |[0m                         <p 
className=[32m"font-bold text-primary-orange"[0m>{formatCurrency(serv...
  [90m    |[0m [31m[1m^^^^^^^^^^^^^^^^^^^^^^^^^^^^^^^^^^^^^^^^^^^^^^^^^^^^^
^^^^^^^^^^^^^^^^^^^^^^^^^^^^^^^^^^^^^^^[0m
[31m[1m>[0m [90m591 |[0m                         <p 
className=[32m"text-xs text-gray-400"[0m>~{service.duration_minutes}m...
  [90m    |[0m [31m[1m^^^^^^^^^^^^^^^^^^^^^^^^^^^^^^^^^^^^^^^^^^^^^^^^^^^^^
^^^^^^^^^^^^^^^^^^^^^^^^^^^^^^^^^^^^^^^[0m
[31m[1m>[0m [90m592 |[0m                       </div>
  [90m    |[0m [31m[1m^^^^^^^^^^^^^^^^^^^^^^^^^^^^[0m
[31m[1m>[0m [90m593 |[0m                     </label>
  [90m    |[0m [31m[1m^^^^^^^^^^^^^^^^^^^^^^^^^^^^[0m
[31m[1m>[0m [90m594 |[0m                   ))}
  [90m    |[0m [31m[1m^^^^^^^^^^^^^^^^^^^^^[0m
[31m[1m>[0m [90m595 |[0m                 </div>
  [90m    |[0m [31m[1m^^^^^^^^^^^^^^^^^^^^^^[0m
[31m[1m>[0m [90m596 |[0m               </div>
  [90m    |[0m [31m[1m^^^^^^^^^^^^^^^^^^^^[0m
[31m[1m>[0m [90m597 |[0m             )}
  [90m    |[0m [31m[1m^^^^^^^^^^^^^^[0m
[31m[1m>[0m [90m598 |[0m
  [90m    |[0m [31m[1m^[0m
[31m[1m>[0m [90m599 |[0m             {step === [35m3[0m && (
  [90m    |[0m [31m[1m^^^^^^^^^^^^^^^^^^^^^^^^^^^^[0m
[31m[1m>[0m [90m600 |[0m               <div 
className=[32m"space-y-6"[0m>
  [90m    |[0m [31m[1m^^^^^^^^^^^^^^^^^^^^^^^^^^^^^^^^^^^^^^^^^[0m
[31m[1m>[0m [90m601 |[0m                 <h2 className=[32m"text-xl 
font-bold text-dark mb-4"[0m>[33mData[0m e [33mHor├írio[0m</h2>
  [90m    |[0m [31m[1m^^^^^^^^^^^^^^^^^^^^^^^^^^^^^^^^^^^^^^^^^^^^^^^^^^^^^
^^^^^^^^^^^^^^^^^^^^^^^^^^^^^^^[0m
[31m[1m>[0m [90m602 |[0m                 <div>
  [90m    |[0m [31m[1m^^^^^^^^^^^^^^^^^^^^^[0m
[31m[1m>[0m [90m603 |[0m                   <label className=[32m"block 
text-sm font-medium text-gray-700 mb-1"[0m>[33mData[0m *<...
  [90m    |[0m [31m[1m^^^^^^^^^^^^^^^^^^^^^^^^^^^^^^^^^^^^^^^^^^^^^^^^^^^^^
^^^^^^^^^^^^^^^^^^^^^^^^^^^^^^^^^^^^^^^[0m
[31m[1m>[0m [90m604 |[0m                   <input 
[36mtype[0m=[32m"date"[0m value={form.appointment_date} onChange={(e) => { 
[36mcon..[0m.
  [90m    |[0m [31m[1m^^^^^^^^^^^^^^^^^^^^^^^^^^^^^^^^^^^^^^^^^^^^^^^^^^^^^
^^^^^^^^^^^^^^^^^^^^^^^^^^^^^^^^^^^^^^^[0m
[31m[1m>[0m [90m605 |[0m                   <p className=[32m"text-xs 
text-gray-400 mt-1"[0m>[33mN├úo[0m atendemos aos domingos.</p>
  [90m    |[0m [31m[1m^^^^^^^^^^^^^^^^^^^^^^^^^^^^^^^^^^^^^^^^^^^^^^^^^^^^^
^^^^^^^^^^^^^^^^^^^^^^^^^^^^^^^^^^^^^^[0m
[31m[1m>[0m [90m606 |[0m                 </div>
  [90m    |[0m [31m[1m^^^^^^^^^^^^^^^^^^^^^^[0m
[31m[1m>[0m [90m607 |[0m                 {form.appointment_date && (
  [90m    |[0m [31m[1m^^^^^^^^^^^^^^^^^^^^^^^^^^^^^^^^^^^^^^^^^^^[0m
[31m[1m>[0m [90m608 |[0m                   <div>
  [90m    |[0m [31m[1m^^^^^^^^^^^^^^^^^^^^^^^[0m
[31m[1m>[0m [90m609 |[0m                     <label className=[32m"block 
text-sm font-medium text-gray-700 mb-2"[0m>[33mHor├ír..[0m.
  [90m    |[0m [31m[1m^^^^^^^^^^^^^^^^^^^^^^^^^^^^^^^^^^^^^^^^^^^^^^^^^^^^^
^^^^^^^^^^^^^^^^^^^^^^^^^^^^^^^^^^^^^^^[0m
[31m[1m>[0m [90m610 |[0m                     <div className=[32m"grid 
grid-cols-3 sm:grid-cols-5 gap-2"[0m>
  [90m    |[0m [31m[1m^^^^^^^^^^^^^^^^^^^^^^^^^^^^^^^^^^^^^^^^^^^^^^^^^^^^^
^^^^^^^^^^^^^^^^^^^^^^[0m
[31m[1m>[0m [90m611 |[0m                       {timeSlots.map((slot) => {
  [90m    |[0m [31m[1m^^^^^^^^^^^^^^^^^^^^^^^^^^^^^^^^^^^^^^^^^^^^^^^^[0m
[31m[1m>[0m [90m612 |[0m                         [36mconst[0m taken = 
bookedSlots.includes(slot);
  [90m    |[0m 
[31m[1m^^^^^^^^^^^^^^^^^^^^^^^^^^^^^^^^^^^^^^^^^^^^^^^^^^^^^^^^^^^^^^^^^[0m
[31m[1m>[0m [90m613 |[0m                         [36mreturn[0m (
  [90m    |[0m [31m[1m^^^^^^^^^^^^^^^^^^^^^^^^^^^^^^^^[0m
[31m[1m>[0m [90m614 |[0m                           <button key={slot} 
[36mtype[0m=[32m"button"[0m disabled={taken} onClick={() =...
  [90m    |[0m [31m[1m^^^^^^^^^^^^^^^^^^^^^^^^^^^^^^^^^^^^^^^^^^^^^^^^^^^^^
^^^^^^^^^^^^^^^^^^^^^^^^^^^^^^^^^^^^^^^[0m
[31m[1m>[0m [90m615 |[0m                             {slot}
  [90m    |[0m [31m[1m^^^^^^^^^^^^^^^^^^^^^^^^^^^^^^^^^^[0m
[31m[1m>[0m [90m616 |[0m                           </button>
  [90m    |[0m [31m[1m^^^^^^^^^^^^^^^^^^^^^^^^^^^^^^^^^^^[0m
[31m[1m>[0m [90m617 |[0m                         );
  [90m    |[0m [31m[1m^^^^^^^^^^^^^^^^^^^^^^^^^^[0m
[31m[1m>[0m [90m618 |[0m                       })}
  [90m    |[0m [31m[1m^^^^^^^^^^^^^^^^^^^^^^^^^[0m
[31m[1m>[0m [90m619 |[0m                     </div>
  [90m    |[0m [31m[1m^^^^^^^^^^^^^^^^^^^^^^^^^^[0m
[31m[1m>[0m [90m620 |[0m                   </div>
  [90m    |[0m [31m[1m^^^^^^^^^^^^^^^^^^^^^^^^[0m
[31m[1m>[0m [90m621 |[0m                 )}
  [90m    |[0m [31m[1m^^^^^^^^^^^^^^^^^^[0m
[31m[1m>[0m [90m622 |[0m               </div>
  [90m    |[0m [31m[1m^^^^^^^^^^^^^^^^^^^^[0m
[31m[1m>[0m [90m623 |[0m             )}
  [90m    |[0m [31m[1m^^^^^^^^^^^^^^[0m
[31m[1m>[0m [90m624 |[0m
  [90m    |[0m [31m[1m^[0m
[31m[1m>[0m [90m625 |[0m             {step === [35m4[0m && (
  [90m    |[0m [31m[1m^^^^^^^^^^^^^^^^^^^^^^^^^^^^[0m
[31m[1m>[0m [90m626 |[0m               <div>
  [90m    |[0m [31m[1m^^^^^^^^^^^^^^^^^^^[0m
[31m[1m>[0m [90m627 |[0m                 <h2 className=[32m"text-xl 
font-bold text-dark mb-6"[0m>[33mConfirme[0m seu [33mAgendamento[0m...
  [90m    |[0m [31m[1m^^^^^^^^^^^^^^^^^^^^^^^^^^^^^^^^^^^^^^^^^^^^^^^^^^^^^
^^^^^^^^^^^^^^^^^^^^^^^^^^^^^^^^^^^^^^^[0m
[31m[1m>[0m [90m628 |[0m                 <div 
className=[32m"space-y-4"[0m>
  [90m    |[0m [31m[1m^^^^^^^^^^^^^^^^^^^^^^^^^^^^^^^^^^^^^^^^^^^[0m
[31m[1m>[0m [90m629 |[0m                   <div 
className=[32m"bg-surface rounded-lg p-4"[0m>
  [90m    |[0m 
[31m[1m^^^^^^^^^^^^^^^^^^^^^^^^^^^^^^^^^^^^^^^^^^^^^^^^^^^^^^^^^^^^^[0m
[31m[1m>[0m [90m630 |[0m                     <h3 
className=[32m"font-semibold text-sm text-gray-500 mb-2"[0m>[33mDADOS[0m 
[33mPESSOA..[0m.
  [90m    |[0m [31m[1m^^^^^^^^^^^^^^^^^^^^^^^^^^^^^^^^^^^^^^^^^^^^^^^^^^^^^
^^^^^^^^^^^^^^^^^^^^^^^^^^^^^^^^^^^^^^^[0m
[31m[1m>[0m [90m631 |[0m                     <p className=[32m"text-dark 
font-medium"[0m>{form.customer_name}</p>
  [90m    |[0m [31m[1m^^^^^^^^^^^^^^^^^^^^^^^^^^^^^^^^^^^^^^^^^^^^^^^^^^^^^
^^^^^^^^^^^^^^^^^^^^^^^^^^^^[0m
[31m[1m>[0m [90m632 |[0m                     <p 
className=[32m"text-gray-600 text-sm"[0m>{form.customer_phone}</p>
  [90m    |[0m [31m[1m^^^^^^^^^^^^^^^^^^^^^^^^^^^^^^^^^^^^^^^^^^^^^^^^^^^^^
^^^^^^^^^^^^^^^^^^^^^^^^^^^^^[0m
[31m[1m>[0m [90m633 |[0m                     {form.customer_email && <p 
className=[32m"text-gray-600 text-sm"[0m>{form.cu...
  [90m    |[0m [31m[1m^^^^^^^^^^^^^^^^^^^^^^^^^^^^^^^^^^^^^^^^^^^^^^^^^^^^^
^^^^^^^^^^^^^^^^^^^^^^^^^^^^^^^^^^^^^^^[0m
[31m[1m>[0m [90m634 |[0m                   </div>
  [90m    |[0m [31m[1m^^^^^^^^^^^^^^^^^^^^^^^^[0m
[31m[1m>[0m [90m635 |[0m                   <div 
className=[32m"bg-surface rounded-lg p-4"[0m>
  [90m    |[0m 
[31m[1m^^^^^^^^^^^^^^^^^^^^^^^^^^^^^^^^^^^^^^^^^^^^^^^^^^^^^^^^^^^^^[0m
[31m[1m>[0m [90m636 |[0m                     <h3 
className=[32m"font-semibold text-sm text-gray-500 
mb-2"[0m>[33mVE├ìCULO[0m</h3>
  [90m    |[0m [31m[1m^^^^^^^^^^^^^^^^^^^^^^^^^^^^^^^^^^^^^^^^^^^^^^^^^^^^^
^^^^^^^^^^^^^^^^^^^^^^^^^^^^^^^^^^^^[0m
[31m[1m>[0m [90m637 |[0m                     <p className=[32m"text-dark 
font-medium"[0m>{form.car_brand} {form.car_model...
  [90m    |[0m [31m[1m^^^^^^^^^^^^^^^^^^^^^^^^^^^^^^^^^^^^^^^^^^^^^^^^^^^^^
^^^^^^^^^^^^^^^^^^^^^^^^^^^^^^^^^^^^^^^[0m
[31m[1m>[0m [90m638 |[0m                     {form.car_plate && <p 
className=[32m"text-gray-600 text-sm"[0m>[33mPlaca[0m: {form....
  [90m    |[0m [31m[1m^^^^^^^^^^^^^^^^^^^^^^^^^^^^^^^^^^^^^^^^^^^^^^^^^^^^^
^^^^^^^^^^^^^^^^^^^^^^^^^^^^^^^^^^^^^^^[0m
[31m[1m>[0m [90m639 |[0m                   </div>
  [90m    |[0m [31m[1m^^^^^^^^^^^^^^^^^^^^^^^^[0m
[31m[1m>[0m [90m640 |[0m                   <div 
className=[32m"bg-surface rounded-lg p-4"[0m>
  [90m    |[0m 
[31m[1m^^^^^^^^^^^^^^^^^^^^^^^^^^^^^^^^^^^^^^^^^^^^^^^^^^^^^^^^^^^^^[0m
[31m[1m>[0m [90m641 |[0m                     <h3 
className=[32m"font-semibold text-sm text-gray-500 
mb-2"[0m>[33mSERVI├çO[0m</h3>
  [90m    |[0m [31m[1m^^^^^^^^^^^^^^^^^^^^^^^^^^^^^^^^^^^^^^^^^^^^^^^^^^^^^
^^^^^^^^^^^^^^^^^^^^^^^^^^^^^^^^^^^^[0m
[31m[1m>[0m [90m642 |[0m                     <p className=[32m"text-dark 
font-medium"[0m>{selectedService?.name}</p>
  [90m    |[0m [31m[1m^^^^^^^^^^^^^^^^^^^^^^^^^^^^^^^^^^^^^^^^^^^^^^^^^^^^^
^^^^^^^^^^^^^^^^^^^^^^^^^^^^^^^[0m
[31m[1m>[0m [90m643 |[0m                     <p 
className=[32m"text-primary-orange font-bold"[0m>[33mA[0m partir de 
{selectedSer...
  [90m    |[0m [31m[1m^^^^^^^^^^^^^^^^^^^^^^^^^^^^^^^^^^^^^^^^^^^^^^^^^^^^^
^^^^^^^^^^^^^^^^^^^^^^^^^^^^^^^^^^^^^^^[0m
[31m[1m>[0m [90m644 |[0m                   </div>
  [90m    |[0m [31m[1m^^^^^^^^^^^^^^^^^^^^^^^^[0m
[31m[1m>[0m [90m645 |[0m                   <div 
className=[32m"bg-surface rounded-lg p-4"[0m>
  [90m    |[0m 
[31m[1m^^^^^^^^^^^^^^^^^^^^^^^^^^^^^^^^^^^^^^^^^^^^^^^^^^^^^^^^^^^^^[0m
[31m[1m>[0m [90m646 |[0m                     <h3 
className=[32m"font-semibold text-sm text-gray-500 mb-2"[0m>[33mDATA[0m 
[33mE[0m [33mHOR├üR..[0m.
  [90m    |[0m [31m[1m^^^^^^^^^^^^^^^^^^^^^^^^^^^^^^^^^^^^^^^^^^^^^^^^^^^^^
^^^^^^^^^^^^^^^^^^^^^^^^^^^^^^^^^^^^^^^[0m
[31m[1m>[0m [90m647 |[0m                     <p className=[32m"text-dark 
font-medium"[0m>{[36mnew[0m [33mDate[0m(form.appointment_date ..[32m.[0m
  [90m    |[0m [31m[1m^^^^^^^^^^^^^^^^^^^^^^^^^^^^^^^^^^^^^^^^^^^^^^^^^^^^^
^^^^^^^^^^^^^^^^^^^^^^^^^^^^^^^^^^^^^^^[0m
[31m[1m>[0m [90m648 |[0m                     <p 
className=[32m"text-primary-orange font-bold text-lg"[0m>{form.time_slot}...
  [90m    |[0m [31m[1m^^^^^^^^^^^^^^^^^^^^^^^^^^^^^^^^^^^^^^^^^^^^^^^^^^^^^
^^^^^^^^^^^^^^^^^^^^^^^^^^^^^^^^^^^^^^^[0m
[31m[1m>[0m [90m649 |[0m                   </div>
  [90m    |[0m [31m[1m^^^^^^^^^^^^^^^^^^^^^^^^[0m
[31m[1m>[0m [90m650 |[0m                 </div>
  [90m    |[0m [31m[1m^^^^^^^^^^^^^^^^^^^^^^[0m
[31m[1m>[0m [90m651 |[0m               </div>
  [90m    |[0m [31m[1m^^^^^^^^^^^^^^^^^^^^[0m
[31m[1m>[0m [90m652 |[0m             )}
  [90m    |[0m [31m[1m^^^^^^^^^^^^^^[0m
[31m[1m>[0m [90m653 |[0m
  [90m    |[0m [31m[1m^[0m
[31m[1m>[0m [90m654 |[0m             <div className=[32m"flex 
justify-between mt-8 pt-6 border-t border-gray-100"[0m>
  [90m    |[0m [31m[1m^^^^^^^^^^^^^^^^^^^^^^^^^^^^^^^^^^^^^^^^^^^^^^^^^^^^^
^^^^^^^^^^^^^^^^^^^^^^^^^^^^^^^^[0m
[31m[1m>[0m [90m655 |[0m               {step > [35m0[0m ? (
  [90m    |[0m [31m[1m^^^^^^^^^^^^^^^^^^^^^^^^^^^[0m
[31m[1m>[0m [90m656 |[0m                 <button onClick={() => 
setStep(step - [35m1[0m)} className=[32m"text-gray-500 hover:...[0m
  [90m    |[0m [31m[1m^^^^^^^^^^^^^^^^^^^^^^^^^^^^^^^^^^^^^^^^^^^^^^^^^^^^^
^^^^^^^^^^^^^^^^^^^^^^^^^^^^^^^^^^^^^^^[0m
[31m[1m>[0m [90m657 |[0m               ) : (
  [90m    |[0m [31m[1m^^^^^^^^^^^^^^^^^^^[0m
[31m[1m>[0m [90m658 |[0m                 <[33mLink[0m href=[32m"/"[0m 
className=[32m"text-gray-500 hover:text-gray-700 font-medium t...[0m
  [90m    |[0m [31m[1m^^^^^^^^^^^^^^^^^^^^^^^^^^^^^^^^^^^^^^^^^^^^^^^^^^^^^
^^^^^^^^^^^^^^^^^^^^^^^^^^^^^^^^^^^^^^^[0m
[31m[1m>[0m [90m659 |[0m               )}
  [90m    |[0m [31m[1m^^^^^^^^^^^^^^^^[0m
[31m[1m>[0m [90m660 |[0m               {step < [35m4[0m ? (
  [90m    |[0m [31m[1m^^^^^^^^^^^^^^^^^^^^^^^^^^^[0m
[31m[1m>[0m [90m661 |[0m                 <button onClick={() => 
setStep(step + [35m1[0m)} disabled={!canNext()} className.[32m..[0m
  [90m    |[0m [31m[1m^^^^^^^^^^^^^^^^^^^^^^^^^^^^^^^^^^^^^^^^^^^^^^^^^^^^^
^^^^^^^^^^^^^^^^^^^^^^^^^^^^^^^^^^^^^^^[0m
[31m[1m>[0m [90m662 |[0m               ) : (
  [90m    |[0m [31m[1m^^^^^^^^^^^^^^^^^^^[0m
[31m[1m>[0m [90m663 |[0m                 <button onClick={handleSubmit} 
disabled={submitting} className=[32m"btn-prima...[0m
  [90m    |[0m [31m[1m^^^^^^^^^^^^^^^^^^^^^^^^^^^^^^^^^^^^^^^^^^^^^^^^^^^^^
^^^^^^^^^^^^^^^^^^^^^^^^^^^^^^^^^^^^^^^[0m
[31m[1m>[0m [90m664 |[0m               )}
  [90m    |[0m [31m[1m^^^^^^^^^^^^^^^^[0m
[31m[1m>[0m [90m665 |[0m             </div>
  [90m    |[0m [31m[1m^^^^^^^^^^^^^^^^^^[0m
[31m[1m>[0m [90m666 |[0m             {error && <p 
className=[32m"text-red-500 text-sm mt-3 text-center"[0m>{error}</p>}
  [90m    |[0m [31m[1m^^^^^^^^^^^^^^^^^^^^^^^^^^^^^^^^^^^^^^^^^^^^^^^^^^^^^
^^^^^^^^^^^^^^^^^^^^^^^^^^^^^^^^^^[0m
[31m[1m>[0m [90m667 |[0m           </div>
  [90m    |[0m [31m[1m^^^^^^^^^^^^^^^^[0m
[31m[1m>[0m [90m668 |[0m         </div>
  [90m    |[0m [31m[1m^^^^^^^^^^^^^^[0m
[31m[1m>[0m [90m669 |[0m       </section>
  [90m    |[0m [31m[1m^^^^^^^^^^^^^^^^[0m
[31m[1m>[0m [90m670 |[0m     </>
  [90m    |[0m [31m[1m^^^^^^^[0m
[31m[1m>[0m [90m671 |[0m   );
  [90m    |[0m [31m[1m^^^^[0m
[31m[1m>[0m [90m672 |[0m }
  [90m    |[0m [31m[1m^[0m
  [90m673 |[0m

Ecmascript file had an error

Import traces:
  Client Component Browser:
    ./src/app/(public)/agendar/page.tsx [Client Component Browser]
    ./src/app/(public)/agendar/page.tsx [Server Component]

  Client Component SSR:
    ./src/app/(public)/agendar/page.tsx [Client Component SSR]
    ./src/app/(public)/agendar/page.tsx [Server Component]


./src/app/(public)/pecas/page.tsx:103:1
the name `default` is exported multiple times
  [90m101 |[0m [36mimport[0m { createPieceInterest } [36mfrom[0m 
[32m"@/lib/api"[0m;
  [90m102 |[0m
[31m[1m>[0m [90m103 |[0m [36mexport[0m [36mdefault[0m 
[36mfunction[0m [33mPecasPage[0m() {
  [90m    |[0m [31m[1m^^^^^^^^^^^^^^^^^^^^^^^^^^^^^^^^^^^^[0m
[31m[1m>[0m [90m104 |[0m   [36mconst[0m [email, setEmail] = 
useState([32m""[0m);
  [90m    |[0m [31m[1m^^^^^^^^^^^^^^^^^^^^^^^^^^^^^^^^^^^^^^^^^[0m
[31m[1m>[0m [90m105 |[0m   [36mconst[0m [submitted, setSubmitted] = 
useState([36mfalse[0m);
  [90m    |[0m 
[31m[1m^^^^^^^^^^^^^^^^^^^^^^^^^^^^^^^^^^^^^^^^^^^^^^^^^^^^[0m
[31m[1m>[0m [90m106 |[0m
  [90m    |[0m [31m[1m^[0m
[31m[1m>[0m [90m107 |[0m   [36mconst[0m handleSubmit = [36masync[0m 
(e: [33mReact[0m.[33mFormEvent[0m) => {
  [90m    |[0m 
[31m[1m^^^^^^^^^^^^^^^^^^^^^^^^^^^^^^^^^^^^^^^^^^^^^^^^^^^^^^[0m
[31m[1m>[0m [90m108 |[0m     e.preventDefault();
  [90m    |[0m [31m[1m^^^^^^^^^^^^^^^^^^^^^^^[0m
[31m[1m>[0m [90m109 |[0m     [36mif[0m (!email.includes([32m"@"[0m)) 
[36mreturn[0m;
  [90m    |[0m [31m[1m^^^^^^^^^^^^^^^^^^^^^^^^^^^^^^^^^^^^^[0m
[31m[1m>[0m [90m110 |[0m     [36mtry[0m {
  [90m    |[0m [31m[1m^^^^^^^^^[0m
[31m[1m>[0m [90m111 |[0m       [36mawait[0m createPieceInterest(email);
  [90m    |[0m [31m[1m^^^^^^^^^^^^^^^^^^^^^^^^^^^^^^^^^^^^^^^[0m
[31m[1m>[0m [90m112 |[0m     } [36mcatch[0m {
  [90m    |[0m [31m[1m^^^^^^^^^^^^^[0m
[31m[1m>[0m [90m113 |[0m       [90m// silently continue ÔÇö email saved 
on best-effort[0m
  [90m    |[0m 
[31m[1m^^^^^^^^^^^^^^^^^^^^^^^^^^^^^^^^^^^^^^^^^^^^^^^^^^^^^^^[0m
[31m[1m>[0m [90m114 |[0m     }
  [90m    |[0m [31m[1m^^^^^[0m
[31m[1m>[0m [90m115 |[0m     setSubmitted([36mtrue[0m);
  [90m    |[0m [31m[1m^^^^^^^^^^^^^^^^^^^^^^^[0m
[31m[1m>[0m [90m116 |[0m   };
  [90m    |[0m [31m[1m^^^^[0m
[31m[1m>[0m [90m117 |[0m
  [90m    |[0m [31m[1m^[0m
[31m[1m>[0m [90m118 |[0m   [36mreturn[0m (
  [90m    |[0m [31m[1m^^^^^^^^^^[0m
[31m[1m>[0m [90m119 |[0m     <>
  [90m    |[0m [31m[1m^^^^^^[0m
[31m[1m>[0m [90m120 |[0m       <section className=[32m"bg-dark-bg 
py-16"[0m>
  [90m    |[0m [31m[1m^^^^^^^^^^^^^^^^^^^^^^^^^^^^^^^^^^^^^^^^^^^^[0m
[31m[1m>[0m [90m121 |[0m         <div className=[32m"max-w-3xl mx-auto 
px-4 text-center"[0m>
  [90m    |[0m 
[31m[1m^^^^^^^^^^^^^^^^^^^^^^^^^^^^^^^^^^^^^^^^^^^^^^^^^^^^^^^^^^^^[0m
[31m[1m>[0m [90m122 |[0m           <span className=[32m"inline-block 
bg-primary-orange/20 text-primary-gold text-sm fo...[0m
  [90m    |[0m [31m[1m^^^^^^^^^^^^^^^^^^^^^^^^^^^^^^^^^^^^^^^^^^^^^^^^^^^^^
^^^^^^^^^^^^^^^^^^^^^^^^^^^^^^^^^^^^^^^[0m
[31m[1m>[0m [90m123 |[0m             [33mEm[0m [33mBreve[0m
  [90m    |[0m [31m[1m^^^^^^^^^^^^^^^^^^^^[0m
[31m[1m>[0m [90m124 |[0m           </span>
  [90m    |[0m [31m[1m^^^^^^^^^^^^^^^^^[0m
[31m[1m>[0m [90m125 |[0m           <h1 className=[32m"text-4xl 
sm:text-5xl font-bold text-white mb-4"[0m>
  [90m    |[0m [31m[1m^^^^^^^^^^^^^^^^^^^^^^^^^^^^^^^^^^^^^^^^^^^^^^^^^^^^^
^^^^^^^^^^^^^^^^^^^^[0m
[31m[1m>[0m [90m126 |[0m             [33mCat├ílogo[0m de <span 
className=[32m"gradient-text"[0m>[33mPe├ºas[0m</span>
  [90m    |[0m [31m[1m^^^^^^^^^^^^^^^^^^^^^^^^^^^^^^^^^^^^^^^^^^^^^^^^^^^^^
^^^^^^^^^^^^^^^[0m
[31m[1m>[0m [90m127 |[0m           </h1>
  [90m    |[0m [31m[1m^^^^^^^^^^^^^^^[0m
[31m[1m>[0m [90m128 |[0m           <p className=[32m"text-gray-400 
text-lg"[0m>
  [90m    |[0m [31m[1m^^^^^^^^^^^^^^^^^^^^^^^^^^^^^^^^^^^^^^^^^^^^^^^[0m
[31m[1m>[0m [90m129 |[0m             [33mEstamos[0m montando nosso 
cat├ílogo online com [36mas[0m melhores pe├ºas automotivas.
  [90m    |[0m [31m[1m^^^^^^^^^^^^^^^^^^^^^^^^^^^^^^^^^^^^^^^^^^^^^^^^^^^^^
^^^^^^^^^^^^^^^^^^^^^^^^^^^^^^^^[0m
[31m[1m>[0m [90m130 |[0m           </p>
  [90m    |[0m [31m[1m^^^^^^^^^^^^^^[0m
[31m[1m>[0m [90m131 |[0m         </div>
  [90m    |[0m [31m[1m^^^^^^^^^^^^^^[0m
[31m[1m>[0m [90m132 |[0m       </section>
  [90m    |[0m [31m[1m^^^^^^^^^^^^^^^^[0m
[31m[1m>[0m [90m133 |[0m
  [90m    |[0m [31m[1m^[0m
[31m[1m>[0m [90m134 |[0m       <section className=[32m"py-20 
bg-surface"[0m>
  [90m    |[0m [31m[1m^^^^^^^^^^^^^^^^^^^^^^^^^^^^^^^^^^^^^^^^^^^^[0m
[31m[1m>[0m [90m135 |[0m         <div className=[32m"max-w-lg mx-auto 
px-4 text-center"[0m>
  [90m    |[0m 
[31m[1m^^^^^^^^^^^^^^^^^^^^^^^^^^^^^^^^^^^^^^^^^^^^^^^^^^^^^^^^^^^[0m
[31m[1m>[0m [90m136 |[0m           <div className=[32m"bg-white 
rounded-xl p-8 shadow-sm"[0m>
  [90m    |[0m 
[31m[1m^^^^^^^^^^^^^^^^^^^^^^^^^^^^^^^^^^^^^^^^^^^^^^^^^^^^^^^^^^^^^[0m
[31m[1m>[0m [90m137 |[0m             <div className=[32m"w-20 h-20 
rounded-full bg-orange-100 flex items-center justif...[0m
  [90m    |[0m [31m[1m^^^^^^^^^^^^^^^^^^^^^^^^^^^^^^^^^^^^^^^^^^^^^^^^^^^^^
^^^^^^^^^^^^^^^^^^^^^^^^^^^^^^^^^^^^^^^[0m
[31m[1m>[0m [90m138 |[0m               <svg className=[32m"w-10 h-10 
text-primary-orange"[0m fill=[32m"none"[0m stroke=[32m"currentC...[0m
  [90m    |[0m [31m[1m^^^^^^^^^^^^^^^^^^^^^^^^^^^^^^^^^^^^^^^^^^^^^^^^^^^^^
^^^^^^^^^^^^^^^^^^^^^^^^^^^^^^^^^^^^^^^[0m
[31m[1m>[0m [90m139 |[0m                 <path 
strokeLinecap=[32m"round"[0m strokeLinejoin=[32m"round"[0m 
strokeWidth={[35m1.5[0m} d=[32m"M...[0m
  [90m    |[0m [31m[1m^^^^^^^^^^^^^^^^^^^^^^^^^^^^^^^^^^^^^^^^^^^^^^^^^^^^^
^^^^^^^^^^^^^^^^^^^^^^^^^^^^^^^^^^^^^^^[0m
[31m[1m>[0m [90m140 |[0m               </svg>
  [90m    |[0m [31m[1m^^^^^^^^^^^^^^^^^^^^[0m
[31m[1m>[0m [90m141 |[0m             </div>
  [90m    |[0m [31m[1m^^^^^^^^^^^^^^^^^^[0m
[31m[1m>[0m [90m142 |[0m
  [90m    |[0m [31m[1m^[0m
[31m[1m>[0m [90m143 |[0m             {submitted ? (
  [90m    |[0m [31m[1m^^^^^^^^^^^^^^^^^^^^^^^^^^[0m
[31m[1m>[0m [90m144 |[0m               <>
  [90m    |[0m [31m[1m^^^^^^^^^^^^^^^^[0m
[31m[1m>[0m [90m145 |[0m                 <h2 className=[32m"text-2xl 
font-bold text-dark mb-3"[0m>[33mObrigado[0m!</h2>
  [90m    |[0m [31m[1m^^^^^^^^^^^^^^^^^^^^^^^^^^^^^^^^^^^^^^^^^^^^^^^^^^^^^
^^^^^^^^^^^^^^^^^^^^^^^^^^^[0m
[31m[1m>[0m [90m146 |[0m                 <p 
className=[32m"text-gray-500"[0m>
  [90m    |[0m [31m[1m^^^^^^^^^^^^^^^^^^^^^^^^^^^^^^^^^^^^^^^^^^^^^[0m
[31m[1m>[0m [90m147 |[0m                   [33mVoc├¬[0m ser├í avisado 
assim que nosso cat├ílogo de pe├ºas estiver dispon├¡vel.
  [90m    |[0m [31m[1m^^^^^^^^^^^^^^^^^^^^^^^^^^^^^^^^^^^^^^^^^^^^^^^^^^^^^
^^^^^^^^^^^^^^^^^^^^^^^^^^^^^^^^^^^^[0m
[31m[1m>[0m [90m148 |[0m                 </p>
  [90m    |[0m [31m[1m^^^^^^^^^^^^^^^^^^^^[0m
[31m[1m>[0m [90m149 |[0m               </>
  [90m    |[0m [31m[1m^^^^^^^^^^^^^^^^^[0m
[31m[1m>[0m [90m150 |[0m             ) : (
  [90m    |[0m [31m[1m^^^^^^^^^^^^^^^^^[0m
[31m[1m>[0m [90m151 |[0m               <>
  [90m    |[0m [31m[1m^^^^^^^^^^^^^^^^[0m
[31m[1m>[0m [90m152 |[0m                 <h2 className=[32m"text-2xl 
font-bold text-dark mb-3"[0m>
  [90m    |[0m 
[31m[1m^^^^^^^^^^^^^^^^^^^^^^^^^^^^^^^^^^^^^^^^^^^^^^^^^^^^^^^^^^^^^^^^^^[0m
[31m[1m>[0m [90m153 |[0m                   [33mSeja[0m o 
[33mPrimeiro[0m a [33mSaber[0m
  [90m    |[0m [31m[1m^^^^^^^^^^^^^^^^^^^^^^^^^^^^^^^^^^^^^^^^^[0m
[31m[1m>[0m [90m154 |[0m                 </h2>
  [90m    |[0m [31m[1m^^^^^^^^^^^^^^^^^^^^^[0m
[31m[1m>[0m [90m155 |[0m                 <p className=[32m"text-gray-500 
mb-6"[0m>
  [90m    |[0m 
[31m[1m^^^^^^^^^^^^^^^^^^^^^^^^^^^^^^^^^^^^^^^^^^^^^^^^^^[0m
[31m[1m>[0m [90m156 |[0m                   [33mDeixe[0m seu email e 
avisaremos assim que o cat├ílogo de pe├ºas
  [90m    |[0m [31m[1m^^^^^^^^^^^^^^^^^^^^^^^^^^^^^^^^^^^^^^^^^^^^^^^^^^^^^
^^^^^^^^^^^^^^^^^^^^^^^[0m
[31m[1m>[0m [90m157 |[0m                   estiver dispon├¡vel para 
compra online.
  [90m    |[0m 
[31m[1m^^^^^^^^^^^^^^^^^^^^^^^^^^^^^^^^^^^^^^^^^^^^^^^^^^^^^^^^[0m
[31m[1m>[0m [90m158 |[0m                 </p>
  [90m    |[0m [31m[1m^^^^^^^^^^^^^^^^^^^^[0m
[31m[1m>[0m [90m159 |[0m                 <form onSubmit={handleSubmit} 
className=[32m"flex flex-col sm:flex-row gap-3"[0m>
  [90m    |[0m [31m[1m^^^^^^^^^^^^^^^^^^^^^^^^^^^^^^^^^^^^^^^^^^^^^^^^^^^^^
^^^^^^^^^^^^^^^^^^^^^^^^^^^^^^^^^^^^^[0m
[31m[1m>[0m [90m160 |[0m                   <input
  [90m    |[0m [31m[1m^^^^^^^^^^^^^^^^^^^^^^^^[0m
[31m[1m>[0m [90m161 |[0m                     
[36mtype[0m=[32m"email"[0m
  [90m    |[0m [31m[1m^^^^^^^^^^^^^^^^^^^^^^^^^^^^^^^^[0m
[31m[1m>[0m [90m162 |[0m                     value={email}
  [90m    |[0m [31m[1m^^^^^^^^^^^^^^^^^^^^^^^^^^^^^^^^^[0m
[31m[1m>[0m [90m163 |[0m                     onChange={(e) => 
setEmail(e.target.value)}
  [90m    |[0m 
[31m[1m^^^^^^^^^^^^^^^^^^^^^^^^^^^^^^^^^^^^^^^^^^^^^^^^^^^^^^^^^^^^^^[0m
[31m[1m>[0m [90m164 |[0m                     
placeholder=[32m"seu@email.com"[0m
  [90m    |[0m [31m[1m^^^^^^^^^^^^^^^^^^^^^^^^^^^^^^^^^^^^^^^^^^^^^^^[0m
[31m[1m>[0m [90m165 |[0m                     required
  [90m    |[0m [31m[1m^^^^^^^^^^^^^^^^^^^^^^^^^^^^[0m
[31m[1m>[0m [90m166 |[0m                     className=[32m"flex-1 
border border-gray-300 rounded-lg px-4 py-3 focus:r...[0m
  [90m    |[0m [31m[1m^^^^^^^^^^^^^^^^^^^^^^^^^^^^^^^^^^^^^^^^^^^^^^^^^^^^^
^^^^^^^^^^^^^^^^^^^^^^^^^^^^^^^^^^^^^^^[0m
[31m[1m>[0m [90m167 |[0m                   />
  [90m    |[0m [31m[1m^^^^^^^^^^^^^^^^^^^^[0m
[31m[1m>[0m [90m168 |[0m                   <button 
[36mtype[0m=[32m"submit"[0m className=[32m"btn-primary 
whitespace-nowrap"[0m>
  [90m    |[0m [31m[1m^^^^^^^^^^^^^^^^^^^^^^^^^^^^^^^^^^^^^^^^^^^^^^^^^^^^^
^^^^^^^^^^^^^^^^^^^^^^^^^^^^^[0m
[31m[1m>[0m [90m169 |[0m                     [33mMe[0m [33mAvise[0m
  [90m    |[0m [31m[1m^^^^^^^^^^^^^^^^^^^^^^^^^^^^[0m
[31m[1m>[0m [90m170 |[0m                   </button>
  [90m    |[0m [31m[1m^^^^^^^^^^^^^^^^^^^^^^^^^^^[0m
[31m[1m>[0m [90m171 |[0m                 </form>
  [90m    |[0m [31m[1m^^^^^^^^^^^^^^^^^^^^^^^[0m
[31m[1m>[0m [90m172 |[0m               </>
  [90m    |[0m [31m[1m^^^^^^^^^^^^^^^^^[0m
[31m[1m>[0m [90m173 |[0m             )}
  [90m    |[0m [31m[1m^^^^^^^^^^^^^^[0m
[31m[1m>[0m [90m174 |[0m           </div>
  [90m    |[0m [31m[1m^^^^^^^^^^^^^^^^[0m
[31m[1m>[0m [90m175 |[0m
  [90m    |[0m [31m[1m^[0m
[31m[1m>[0m [90m176 |[0m           <div className=[32m"mt-12 grid 
grid-cols-1 sm:grid-cols-3 gap-6"[0m>
  [90m    |[0m [31m[1m^^^^^^^^^^^^^^^^^^^^^^^^^^^^^^^^^^^^^^^^^^^^^^^^^^^^^
^^^^^^^^^^^^^^^^^^[0m
[31m[1m>[0m [90m177 |[0m             {[
  [90m    |[0m [31m[1m^^^^^^^^^^^^^^[0m
[31m[1m>[0m [90m178 |[0m               { icon: [32m"ƒöº"[0m, title: 
[32m"Pe├ºas Originais"[0m, desc: [32m"Trabalharemos apenas com pe├º...[0m
  [90m    |[0m [31m[1m^^^^^^^^^^^^^^^^^^^^^^^^^^^^^^^^^^^^^^^^^^^^^^^^^^^^^
^^^^^^^^^^^^^^^^^^^^^^^^^^^^^^^^^^^^^^^[0m
[31m[1m>[0m [90m179 |[0m               { icon: [32m"ƒÜÜ"[0m, title: 
[32m"Entrega R├ípida"[0m, desc: [32m"Retire na loja ou receba em c...[0m
  [90m    |[0m [31m[1m^^^^^^^^^^^^^^^^^^^^^^^^^^^^^^^^^^^^^^^^^^^^^^^^^^^^^
^^^^^^^^^^^^^^^^^^^^^^^^^^^^^^^^^^^^^^^[0m
[31m[1m>[0m [90m180 |[0m               { icon: [32m"ƒÆ░"[0m, title: 
[32m"Pre├ºos Justos"[0m, desc: [32m"Os melhores pre├ºos da regi├úo p...[0m
  [90m    |[0m [31m[1m^^^^^^^^^^^^^^^^^^^^^^^^^^^^^^^^^^^^^^^^^^^^^^^^^^^^^
^^^^^^^^^^^^^^^^^^^^^^^^^^^^^^^^^^^^^^^[0m
[31m[1m>[0m [90m181 |[0m             ].map((item) => (
  [90m    |[0m [31m[1m^^^^^^^^^^^^^^^^^^^^^^^^^^^^^[0m
[31m[1m>[0m [90m182 |[0m               <div key={item.title} 
className=[32m"bg-white rounded-xl p-6 shadow-sm text-cen...[0m
  [90m    |[0m [31m[1m^^^^^^^^^^^^^^^^^^^^^^^^^^^^^^^^^^^^^^^^^^^^^^^^^^^^^
^^^^^^^^^^^^^^^^^^^^^^^^^^^^^^^^^^^^^^^[0m
[31m[1m>[0m [90m183 |[0m                 <span className=[32m"text-3xl 
mb-3 block"[0m>{item.icon}</span>
  [90m    |[0m [31m[1m^^^^^^^^^^^^^^^^^^^^^^^^^^^^^^^^^^^^^^^^^^^^^^^^^^^^^
^^^^^^^^^^^^^^^^^^^[0m
[31m[1m>[0m [90m184 |[0m                 <h3 className=[32m"font-bold 
text-dark mb-1"[0m>{item.title}</h3>
  [90m    |[0m [31m[1m^^^^^^^^^^^^^^^^^^^^^^^^^^^^^^^^^^^^^^^^^^^^^^^^^^^^^
^^^^^^^^^^^^^^^^^^^^^[0m
[31m[1m>[0m [90m185 |[0m                 <p className=[32m"text-gray-500 
text-sm"[0m>{item.desc}</p>
  [90m    |[0m [31m[1m^^^^^^^^^^^^^^^^^^^^^^^^^^^^^^^^^^^^^^^^^^^^^^^^^^^^^
^^^^^^^^^^^^^^^[0m
[31m[1m>[0m [90m186 |[0m               </div>
  [90m    |[0m [31m[1m^^^^^^^^^^^^^^^^^^^^[0m
[31m[1m>[0m [90m187 |[0m             ))}
  [90m    |[0m [31m[1m^^^^^^^^^^^^^^^[0m
[31m[1m>[0m [90m188 |[0m           </div>
  [90m    |[0m [31m[1m^^^^^^^^^^^^^^^^[0m
[31m[1m>[0m [90m189 |[0m         </div>
  [90m    |[0m [31m[1m^^^^^^^^^^^^^^[0m
[31m[1m>[0m [90m190 |[0m       </section>
  [90m    |[0m [31m[1m^^^^^^^^^^^^^^^^[0m
[31m[1m>[0m [90m191 |[0m     </>
  [90m    |[0m [31m[1m^^^^^^^[0m
[31m[1m>[0m [90m192 |[0m   );
  [90m    |[0m [31m[1m^^^^[0m
[31m[1m>[0m [90m193 |[0m }
  [90m    |[0m [31m[1m^[0m
  [90m194 |[0m

Ecmascript file had an error

Import traces:
  Client Component Browser:
    ./src/app/(public)/pecas/page.tsx [Client Component Browser]
    ./src/app/(public)/pecas/page.tsx [Server Component]

  Client Component SSR:
    ./src/app/(public)/pecas/page.tsx [Client Component SSR]
    ./src/app/(public)/pecas/page.tsx [Server Component]


./src/app/(public)/agendar/page.tsx:341:44
the name `fetchBookedSlots` is defined multiple times
  [90m339 |[0m } [36mfrom[0m [32m"@/lib/constants"[0m;
  [90m340 |[0m [36mimport[0m { formatCurrency, isSaturday, isSunday } 
[36mfrom[0m [32m"@/lib/utils"[0m;
[31m[1m>[0m [90m341 |[0m [36mimport[0m { fetchServices, 
createAppointment, fetchBookedSlots } [36mfrom[0m [32m"@/lib/api"[0m;
  [90m    |[0m                                            
[31m[1m^^^^^^^^^^^^^^^^[0m
  [90m342 |[0m [36mimport[0m [36mtype[0m { [33mBookingFormData[0m, 
[33mService[0m } [36mfrom[0m [32m"@/lib/types"[0m;
  [90m343 |[0m
  [90m344 |[0m [36mconst[0m [33mSTEPS[0m = [[32m"Seus Dados"[0m, 
[32m"Seu Ve├¡culo"[0m, [32m"Servi├ºo"[0m, [32m"Data e Hor├írio"[0m, 
[32m"Confirma├º├úo"[0m];

Ecmascript file had an error

Import traces:
  Client Component Browser:
    ./src/app/(public)/agendar/page.tsx [Client Component Browser]
    ./src/app/(public)/agendar/page.tsx [Server Component]

  Client Component SSR:
    ./src/app/(public)/agendar/page.tsx [Client Component SSR]
    ./src/app/(public)/agendar/page.tsx [Server Component]


./src/app/(public)/agendar/page.tsx:341:10
the name `fetchServices` is defined multiple times
  [90m339 |[0m } [36mfrom[0m [32m"@/lib/constants"[0m;
  [90m340 |[0m [36mimport[0m { formatCurrency, isSaturday, isSunday } 
[36mfrom[0m [32m"@/lib/utils"[0m;
[31m[1m>[0m [90m341 |[0m [36mimport[0m { fetchServices, 
createAppointment, fetchBookedSlots } [36mfrom[0m [32m"@/lib/api"[0m;
  [90m    |[0m          [31m[1m^^^^^^^^^^^^^[0m
  [90m342 |[0m [36mimport[0m [36mtype[0m { [33mBookingFormData[0m, 
[33mService[0m } [36mfrom[0m [32m"@/lib/types"[0m;
  [90m343 |[0m
  [90m344 |[0m [36mconst[0m [33mSTEPS[0m = [[32m"Seus Dados"[0m, 
[32m"Seu Ve├¡culo"[0m, [32m"Servi├ºo"[0m, [32m"Data e Hor├írio"[0m, 
[32m"Confirma├º├úo"[0m];

Ecmascript file had an error

Import traces:
  Client Component Browser:
    ./src/app/(public)/agendar/page.tsx [Client Component Browser]
    ./src/app/(public)/agendar/page.tsx [Server Component]

  Client Component SSR:
    ./src/app/(public)/agendar/page.tsx [Client Component SSR]
    ./src/app/(public)/agendar/page.tsx [Server Component]


./src/app/(public)/agendar/page.tsx:340:10
the name `formatCurrency` is defined multiple times
  [90m338 |[0m   [33mCOMPANY[0m,
  [90m339 |[0m } [36mfrom[0m [32m"@/lib/constants"[0m;
[31m[1m>[0m [90m340 |[0m [36mimport[0m { formatCurrency, isSaturday, 
isSunday } [36mfrom[0m [32m"@/lib/utils"[0m;
  [90m    |[0m          [31m[1m^^^^^^^^^^^^^^[0m
  [90m341 |[0m [36mimport[0m { fetchServices, createAppointment, 
fetchBookedSlots } [36mfrom[0m [32m"@/lib/api"[0m;
  [90m342 |[0m [36mimport[0m [36mtype[0m { [33mBookingFormData[0m, 
[33mService[0m } [36mfrom[0m [32m"@/lib/types"[0m;
  [90m343 |[0m

Ecmascript file had an error

Import traces:
  Client Component Browser:
    ./src/app/(public)/agendar/page.tsx [Client Component Browser]
    ./src/app/(public)/agendar/page.tsx [Server Component]

  Client Component SSR:
    ./src/app/(public)/agendar/page.tsx [Client Component SSR]
    ./src/app/(public)/agendar/page.tsx [Server Component]


./src/app/(public)/agendar/page.tsx:346:10
the name `getMinDate` is defined multiple times
  [90m344 |[0m [36mconst[0m [33mSTEPS[0m = [[32m"Seus Dados"[0m, 
[32m"Seu Ve├¡culo"[0m, [32m"Servi├ºo"[0m, [32m"Data e Hor├írio"[0m, 
[32m"Confirma├º├úo"[0m];
  [90m345 |[0m
[31m[1m>[0m [90m346 |[0m [36mfunction[0m getMinDate(): string {
  [90m    |[0m          [31m[1m^^^^^^^^^^[0m
  [90m347 |[0m   [36mconst[0m d = [36mnew[0m [33mDate[0m();
  [90m348 |[0m   d.setDate(d.getDate() + [35m1[0m);
  [90m349 |[0m   [36mreturn[0m 
d.toISOString().split([32m"T"[0m)[[35m0[0m];

Ecmascript file had an error

Import traces:
  Client Component Browser:
    ./src/app/(public)/agendar/page.tsx [Client Component Browser]
    ./src/app/(public)/agendar/page.tsx [Server Component]

  Client Component SSR:
    ./src/app/(public)/agendar/page.tsx [Client Component SSR]
    ./src/app/(public)/agendar/page.tsx [Server Component]


./src/app/(public)/agendar/page.tsx:340:26
the name `isSaturday` is defined multiple times
  [90m338 |[0m   [33mCOMPANY[0m,
  [90m339 |[0m } [36mfrom[0m [32m"@/lib/constants"[0m;
[31m[1m>[0m [90m340 |[0m [36mimport[0m { formatCurrency, isSaturday, 
isSunday } [36mfrom[0m [32m"@/lib/utils"[0m;
  [90m    |[0m                          [31m[1m^^^^^^^^^^[0m
  [90m341 |[0m [36mimport[0m { fetchServices, createAppointment, 
fetchBookedSlots } [36mfrom[0m [32m"@/lib/api"[0m;
  [90m342 |[0m [36mimport[0m [36mtype[0m { [33mBookingFormData[0m, 
[33mService[0m } [36mfrom[0m [32m"@/lib/types"[0m;
  [90m343 |[0m

Ecmascript file had an error

Import traces:
  Client Component Browser:
    ./src/app/(public)/agendar/page.tsx [Client Component Browser]
    ./src/app/(public)/agendar/page.tsx [Server Component]

  Client Component SSR:
    ./src/app/(public)/agendar/page.tsx [Client Component SSR]
    ./src/app/(public)/agendar/page.tsx [Server Component]


./src/app/(public)/agendar/page.tsx:340:38
the name `isSunday` is defined multiple times
  [90m338 |[0m   [33mCOMPANY[0m,
  [90m339 |[0m } [36mfrom[0m [32m"@/lib/constants"[0m;
[31m[1m>[0m [90m340 |[0m [36mimport[0m { formatCurrency, isSaturday, 
isSunday } [36mfrom[0m [32m"@/lib/utils"[0m;
  [90m    |[0m                                      [31m[1m^^^^^^^^[0m
  [90m341 |[0m [36mimport[0m { fetchServices, createAppointment, 
fetchBookedSlots } [36mfrom[0m [32m"@/lib/api"[0m;
  [90m342 |[0m [36mimport[0m [36mtype[0m { [33mBookingFormData[0m, 
[33mService[0m } [36mfrom[0m [32m"@/lib/types"[0m;
  [90m343 |[0m

Ecmascript file had an error

Import traces:
  Client Component Browser:
    ./src/app/(public)/agendar/page.tsx [Client Component Browser]
    ./src/app/(public)/agendar/page.tsx [Server Component]

  Client Component SSR:
    ./src/app/(public)/agendar/page.tsx [Client Component SSR]
    ./src/app/(public)/agendar/page.tsx [Server Component]


./src/app/(public)/agendar/page.tsx:331:20
the name `useEffect` is defined multiple times
  [90m329 |[0m [32m"use client"[0m;
  [90m330 |[0m
[31m[1m>[0m [90m331 |[0m [36mimport[0m { useState, useEffect } 
[36mfrom[0m [32m"react"[0m;
  [90m    |[0m                    [31m[1m^^^^^^^^^[0m
  [90m332 |[0m [36mimport[0m [33mLink[0m [36mfrom[0m 
[32m"next/link"[0m;
  [90m333 |[0m [36mimport[0m {
  [90m334 |[0m   [33mPLACEHOLDER_SERVICES[0m,

Ecmascript file had an error

Import traces:
  Client Component Browser:
    ./src/app/(public)/agendar/page.tsx [Client Component Browser]
    ./src/app/(public)/agendar/page.tsx [Server Component]

  Client Component SSR:
    ./src/app/(public)/agendar/page.tsx [Client Component SSR]
    ./src/app/(public)/agendar/page.tsx [Server Component]


./src/app/(public)/agendar/page.tsx:331:10
the name `useState` is defined multiple times
  [90m329 |[0m [32m"use client"[0m;
  [90m330 |[0m
[31m[1m>[0m [90m331 |[0m [36mimport[0m { useState, useEffect } 
[36mfrom[0m [32m"react"[0m;
  [90m    |[0m          [31m[1m^^^^^^^^[0m
  [90m332 |[0m [36mimport[0m [33mLink[0m [36mfrom[0m 
[32m"next/link"[0m;
  [90m333 |[0m [36mimport[0m {
  [90m334 |[0m   [33mPLACEHOLDER_SERVICES[0m,

Ecmascript file had an error

Import traces:
  Client Component Browser:
    ./src/app/(public)/agendar/page.tsx [Client Component Browser]
    ./src/app/(public)/agendar/page.tsx [Server Component]

  Client Component SSR:
    ./src/app/(public)/agendar/page.tsx [Client Component SSR]
    ./src/app/(public)/agendar/page.tsx [Server Component]


./src/app/(public)/pecas/page.tsx:100:10
the name `useState` is defined multiple times
  [90m 98 |[0m [32m"use client"[0m;
  [90m 99 |[0m
[31m[1m>[0m [90m100 |[0m [36mimport[0m { useState } [36mfrom[0m 
[32m"react"[0m;
  [90m    |[0m          [31m[1m^^^^^^^^[0m
  [90m101 |[0m [36mimport[0m { createPieceInterest } [36mfrom[0m 
[32m"@/lib/api"[0m;
  [90m102 |[0m
  [90m103 |[0m [36mexport[0m [36mdefault[0m [36mfunction[0m 
[33mPecasPage[0m() {

Ecmascript file had an error

Import traces:
  Client Component Browser:
    ./src/app/(public)/pecas/page.tsx [Client Component Browser]
    ./src/app/(public)/pecas/page.tsx [Server Component]

  Client Component SSR:
    ./src/app/(public)/pecas/page.tsx [Client Component SSR]
    ./src/app/(public)/pecas/page.tsx [Server Component]


    at <unknown> (./src/app/(public)/agendar/page.tsx:329:1)
    at <unknown> (./src/app/(public)/pecas/page.tsx:98:1)
    at <unknown> (./src/app/(public)/agendar/page.tsx:352:25)
    at <unknown> (./src/app/(public)/agendar/page.tsx:335:3)
    at <unknown> (./src/app/(public)/agendar/page.tsx:338:3)
    at <unknown> (./src/app/(public)/agendar/page.tsx:332:8)
    at <unknown> (./src/app/(public)/agendar/page.tsx:334:3)
    at <unknown> (./src/app/(public)/pecas/page.tsx:103:25)
    at <unknown> (./src/app/(public)/agendar/page.tsx:344:7)
    at <unknown> (./src/app/(public)/agendar/page.tsx:337:3)
    at <unknown> (./src/app/(public)/agendar/page.tsx:336:3)
    at <unknown> (./src/app/(public)/agendar/page.tsx:341:25)
    at <unknown> (./src/app/(public)/pecas/page.tsx:101:10)
    at <unknown> (./src/app/(public)/agendar/page.tsx:352:1)
    at <unknown> (./src/app/(public)/pecas/page.tsx:103:1)
    at <unknown> (./src/app/(public)/agendar/page.tsx:341:44)
    at <unknown> (./src/app/(public)/agendar/page.tsx:341:10)
    at <unknown> (./src/app/(public)/agendar/page.tsx:340:10)
    at <unknown> (./src/app/(public)/agendar/page.tsx:346:10)
    at <unknown> (./src/app/(public)/agendar/page.tsx:340:26)
    at <unknown> (./src/app/(public)/agendar/page.tsx:340:38)
    at <unknown> (./src/app/(public)/agendar/page.tsx:331:20)
    at <unknown> (./src/app/(public)/agendar/page.tsx:331:10)
    at <unknown> (./src/app/(public)/pecas/page.tsx:100:10)
